17:45:02 **** Build of project DanDaMan_bsp ****
make -k all 
cp -f microblaze_0/lib/libxil_init.a microblaze_0/lib/libxil.a
"Running Make include in microblaze_0/libsrc/bram_v4_0/src"
make -C microblaze_0/libsrc/bram_v4_0/src -s include -e "SHELL=CMD" "COMPILER=mb-gcc" "ARCHIVER=mb-ar" "COMPILER_FLAGS= -O2 -c -mcpu=v9.3 -mlittle-endian -mxl-soft-mul" "EXTRA_COMPILER_FLAGS=-g -ffunction-sections -fdata-sections"
"Running Make include in microblaze_0/libsrc/cpu_v2_0/src"
make -C microblaze_0/libsrc/cpu_v2_0/src -s include -e "SHELL=CMD" "COMPILER=mb-gcc" "ARCHIVER=mb-ar" "COMPILER_FLAGS= -O2 -c -mcpu=v9.3 -mlittle-endian -mxl-soft-mul" "EXTRA_COMPILER_FLAGS=-g -ffunction-sections -fdata-sections"
"Running Make include in microblaze_0/libsrc/standalone_v4_0/src"
make -C microblaze_0/libsrc/standalone_v4_0/src -s include -e "SHELL=CMD" "COMPILER=mb-gcc" "ARCHIVER=mb-ar" "COMPILER_FLAGS= -O2 -c -mcpu=v9.3 -mlittle-endian -mxl-soft-mul" "EXTRA_COMPILER_FLAGS=-g -ffunction-sections -fdata-sections"
make[2]: Entering directory `C:/Users/Amanjit/Desktop/ECE532/PaintWithVision2/PaintWithVision2.sdk/SDK/SDK_Export/DanDaMan_bsp/microblaze_0/libsrc/standalone_v4_0/src/profile'
cp -rf profile.h mblaze_nt_types.h _profile_timer_hw.h ../../../../include
make[2]: Leaving directory `C:/Users/Amanjit/Desktop/ECE532/PaintWithVision2/PaintWithVision2.sdk/SDK/SDK_Export/DanDaMan_bsp/microblaze_0/libsrc/standalone_v4_0/src/profile'
"Running Make include in microblaze_0/libsrc/uartlite_v3_0/src"
make -C microblaze_0/libsrc/uartlite_v3_0/src -s include -e "SHELL=CMD" "COMPILER=mb-gcc" "ARCHIVER=mb-ar" "COMPILER_FLAGS= -O2 -c -mcpu=v9.3 -mlittle-endian -mxl-soft-mul" "EXTRA_COMPILER_FLAGS=-g -ffunction-sections -fdata-sections"
"Running Make libs in microblaze_0/libsrc/bram_v4_0/src"
make -C microblaze_0/libsrc/bram_v4_0/src -s libs -e "SHELL=CMD" "COMPILER=mb-gcc" "ARCHIVER=mb-ar" "COMPILER_FLAGS= -O2 -c -mcpu=v9.3 -mlittle-endian -mxl-soft-mul" "EXTRA_COMPILER_FLAGS=-g -ffunction-sections -fdata-sections"
"Compiling bram"
make[2]: Entering directory `C:/Users/Amanjit/Desktop/ECE532/PaintWithVision2/PaintWithVision2.sdk/SDK/SDK_Export/DanDaMan_bsp/microblaze_0/libsrc/bram_v4_0/src'
rm -rf *.o 
make[2]: Leaving directory `C:/Users/Amanjit/Desktop/ECE532/PaintWithVision2/PaintWithVision2.sdk/SDK/SDK_Export/DanDaMan_bsp/microblaze_0/libsrc/bram_v4_0/src'
"Running Make libs in microblaze_0/libsrc/cpu_v2_0/src"
make -C microblaze_0/libsrc/cpu_v2_0/src -s libs -e "SHELL=CMD" "COMPILER=mb-gcc" "ARCHIVER=mb-ar" "COMPILER_FLAGS= -O2 -c -mcpu=v9.3 -mlittle-endian -mxl-soft-mul" "EXTRA_COMPILER_FLAGS=-g -ffunction-sections -fdata-sections"
"Compiling cpu"
make[2]: Entering directory `C:/Users/Amanjit/Desktop/ECE532/PaintWithVision2/PaintWithVision2.sdk/SDK/SDK_Export/DanDaMan_bsp/microblaze_0/libsrc/cpu_v2_0/src'
rm -rf *.o
make[2]: Leaving directory `C:/Users/Amanjit/Desktop/ECE532/PaintWithVision2/PaintWithVision2.sdk/SDK/SDK_Export/DanDaMan_bsp/microblaze_0/libsrc/cpu_v2_0/src'
"Running Make libs in microblaze_0/libsrc/standalone_v4_0/src"
make -C microblaze_0/libsrc/standalone_v4_0/src -s libs -e "SHELL=CMD" "COMPILER=mb-gcc" "ARCHIVER=mb-ar" "COMPILER_FLAGS= -O2 -c -mcpu=v9.3 -mlittle-endian -mxl-soft-mul" "EXTRA_COMPILER_FLAGS=-g -ffunction-sections -fdata-sections"
"Compiling standalone";
"Running Make libs in microblaze_0/libsrc/uartlite_v3_0/src"
make -C microblaze_0/libsrc/uartlite_v3_0/src -s libs -e "SHELL=CMD" "COMPILER=mb-gcc" "ARCHIVER=mb-ar" "COMPILER_FLAGS= -O2 -c -mcpu=v9.3 -mlittle-endian -mxl-soft-mul" "EXTRA_COMPILER_FLAGS=-g -ffunction-sections -fdata-sections"
"Compiling uartlite"
make[2]: Entering directory `C:/Users/Amanjit/Desktop/ECE532/PaintWithVision2/PaintWithVision2.sdk/SDK/SDK_Export/DanDaMan_bsp/microblaze_0/libsrc/uartlite_v3_0/src'
rm -rf *.o 
make[2]: Leaving directory `C:/Users/Amanjit/Desktop/ECE532/PaintWithVision2/PaintWithVision2.sdk/SDK/SDK_Export/DanDaMan_bsp/microblaze_0/libsrc/uartlite_v3_0/src'
'Finished building libraries'
17:45:20 **** Build of configuration Debug for project DanDaMan ****
make all 
'Building file: ../src/helloworld.c'
'Invoking: MicroBlaze gcc compiler'
mb-gcc -Wall -O0 -g3 -c -fmessage-length=0 -I../../DanDaMan_bsp/microblaze_0/include -mlittle-endian -mcpu=v9.3 -mxl-soft-mul -Wl,--no-relax -ffunction-sections -fdata-sections -MMD -MP -MF"src/helloworld.d" -MT"src/helloworld.d" -o "src/helloworld.o" "../src/helloworld.c"
'Finished building: ../src/helloworld.c'
' '
'Building file: ../src/platform.c'
'Invoking: MicroBlaze gcc compiler'
mb-gcc -Wall -O0 -g3 -c -fmessage-length=0 -I../../DanDaMan_bsp/microblaze_0/include -mlittle-endian -mcpu=v9.3 -mxl-soft-mul -Wl,--no-relax -ffunction-sections -fdata-sections -MMD -MP -MF"src/platform.d" -MT"src/platform.d" -o "src/platform.o" "../src/platform.c"
'Finished building: ../src/platform.c'
' '
'Building target: DanDaMan.elf'
'Invoking: MicroBlaze gcc linker'
mb-gcc -Wl,-T -Wl,../src/lscript.ld -L../../DanDaMan_bsp/microblaze_0/lib -mlittle-endian -mcpu=v9.3 -mxl-soft-mul -Wl,--no-relax -Wl,--gc-sections -o "DanDaMan.elf"  ./src/helloworld.o ./src/platform.o   -Wl,--start-group,-lxil,-lgcc,-lc,--end-group
'Finished building target: DanDaMan.elf'
' '
'Invoking: MicroBlaze Print Size'
mb-size DanDaMan.elf  |tee "DanDaMan.elf.size"
   text	   data	    bss	    dec	    hex	filename
   2364	    268	   2084	   4716	   126c	DanDaMan.elf
'Finished building: DanDaMan.elf.size'
' '
17:49:17 **** Auto Build of configuration Debug for project DanDaMan ****
make all 
'Building target: DanDaMan.elf'
'Invoking: MicroBlaze gcc linker'
mb-gcc -Wl,-T -Wl,../src/lscript.ld -L../../DanDaMan_bsp/microblaze_0/lib -mlittle-endian -mcpu=v9.3 -mxl-soft-mul -Wl,--no-relax -Wl,--gc-sections -o "DanDaMan.elf"  ./src/helloworld.o ./src/platform.o   -Wl,--start-group,-lxil,-lgcc,-lc,--end-group
'Finished building target: DanDaMan.elf'
' '
'Invoking: MicroBlaze Print Size'
mb-size DanDaMan.elf  |tee "DanDaMan.elf.size"
   text	   data	    bss	    dec	    hex	filename
   2364	    268	   2088	   4720	   1270	DanDaMan.elf
'Finished building: DanDaMan.elf.size'
' '
17:54:49 **** Auto Build of configuration Debug for project DanDaMan ****
make all 
'Building file: ../src/helloworld.c'
'Invoking: MicroBlaze gcc compiler'
mb-gcc -Wall -O0 -g3 -c -fmessage-length=0 -I../../DanDaMan_bsp/microblaze_0/include -mlittle-endian -mcpu=v9.3 -mxl-soft-mul -Wl,--no-relax -ffunction-sections -fdata-sections -MMD -MP -MF"src/helloworld.d" -MT"src/helloworld.d" -o "src/helloworld.o" "../src/helloworld.c"
'Finished building: ../src/helloworld.c'
' '
'Building target: DanDaMan.elf'
'Invoking: MicroBlaze gcc linker'
mb-gcc -Wl,-T -Wl,../src/lscript.ld -L../../DanDaMan_bsp/microblaze_0/lib -mlittle-endian -mcpu=v9.3 -mxl-soft-mul -Wl,--no-relax -Wl,--gc-sections -o "DanDaMan.elf"  ./src/helloworld.o ./src/platform.o   -Wl,--start-group,-lxil,-lgcc,-lc,--end-group
'Finished building target: DanDaMan.elf'
' '
'Invoking: MicroBlaze Print Size'
mb-size DanDaMan.elf  |tee "DanDaMan.elf.size"
   text	   data	    bss	    dec	    hex	filename
   3080	    272	   2080	   5432	   1538	DanDaMan.elf
'Finished building: DanDaMan.elf.size'
' '
17:57:48 **** Incremental Build of configuration Debug for project DanDaMan ****
make all 
make: Nothing to be done for `all'.
13:30:20 **** Auto Build of project DanDaMan_bsp ****
make -k all 
"Running Make include in microblaze_0/libsrc/bram_v4_0/src"
make -C microblaze_0/libsrc/bram_v4_0/src -s include -e "SHELL=CMD" "COMPILER=mb-gcc" "ARCHIVER=mb-ar" "COMPILER_FLAGS= -O2 -c -mcpu=v9.3 -mlittle-endian -mxl-soft-mul" "EXTRA_COMPILER_FLAGS=-g -ffunction-sections -fdata-sections"
"Running Make include in microblaze_0/libsrc/cpu_v2_0/src"
make -C microblaze_0/libsrc/cpu_v2_0/src -s include -e "SHELL=CMD" "COMPILER=mb-gcc" "ARCHIVER=mb-ar" "COMPILER_FLAGS= -O2 -c -mcpu=v9.3 -mlittle-endian -mxl-soft-mul" "EXTRA_COMPILER_FLAGS=-g -ffunction-sections -fdata-sections"
"Running Make include in microblaze_0/libsrc/standalone_v4_0/src"
make -C microblaze_0/libsrc/standalone_v4_0/src -s include -e "SHELL=CMD" "COMPILER=mb-gcc" "ARCHIVER=mb-ar" "COMPILER_FLAGS= -O2 -c -mcpu=v9.3 -mlittle-endian -mxl-soft-mul" "EXTRA_COMPILER_FLAGS=-g -ffunction-sections -fdata-sections"
make[2]: Entering directory `C:/Users/Daniel/Documents/Uoft_hw/ECE532/PaintWithVision2/PaintWithVision2.sdk/SDK/SDK_Export/DanDaMan_bsp/microblaze_0/libsrc/standalone_v4_0/src/profile'
cp -rf profile.h mblaze_nt_types.h _profile_timer_hw.h ../../../../include
make[2]: Leaving directory `C:/Users/Daniel/Documents/Uoft_hw/ECE532/PaintWithVision2/PaintWithVision2.sdk/SDK/SDK_Export/DanDaMan_bsp/microblaze_0/libsrc/standalone_v4_0/src/profile'
"Running Make include in microblaze_0/libsrc/uartlite_v3_0/src"
make -C microblaze_0/libsrc/uartlite_v3_0/src -s include -e "SHELL=CMD" "COMPILER=mb-gcc" "ARCHIVER=mb-ar" "COMPILER_FLAGS= -O2 -c -mcpu=v9.3 -mlittle-endian -mxl-soft-mul" "EXTRA_COMPILER_FLAGS=-g -ffunction-sections -fdata-sections"
"Running Make libs in microblaze_0/libsrc/bram_v4_0/src"
make -C microblaze_0/libsrc/bram_v4_0/src -s libs -e "SHELL=CMD" "COMPILER=mb-gcc" "ARCHIVER=mb-ar" "COMPILER_FLAGS= -O2 -c -mcpu=v9.3 -mlittle-endian -mxl-soft-mul" "EXTRA_COMPILER_FLAGS=-g -ffunction-sections -fdata-sections"
"Compiling bram"
make[2]: Entering directory `C:/Users/Daniel/Documents/Uoft_hw/ECE532/PaintWithVision2/PaintWithVision2.sdk/SDK/SDK_Export/DanDaMan_bsp/microblaze_0/libsrc/bram_v4_0/src'
rm -rf *.o 
make[2]: Leaving directory `C:/Users/Daniel/Documents/Uoft_hw/ECE532/PaintWithVision2/PaintWithVision2.sdk/SDK/SDK_Export/DanDaMan_bsp/microblaze_0/libsrc/bram_v4_0/src'
"Running Make libs in microblaze_0/libsrc/cpu_v2_0/src"
make -C microblaze_0/libsrc/cpu_v2_0/src -s libs -e "SHELL=CMD" "COMPILER=mb-gcc" "ARCHIVER=mb-ar" "COMPILER_FLAGS= -O2 -c -mcpu=v9.3 -mlittle-endian -mxl-soft-mul" "EXTRA_COMPILER_FLAGS=-g -ffunction-sections -fdata-sections"
"Compiling cpu"
make[2]: Entering directory `C:/Users/Daniel/Documents/Uoft_hw/ECE532/PaintWithVision2/PaintWithVision2.sdk/SDK/SDK_Export/DanDaMan_bsp/microblaze_0/libsrc/cpu_v2_0/src'
rm -rf *.o
make[2]: Leaving directory `C:/Users/Daniel/Documents/Uoft_hw/ECE532/PaintWithVision2/PaintWithVision2.sdk/SDK/SDK_Export/DanDaMan_bsp/microblaze_0/libsrc/cpu_v2_0/src'
"Running Make libs in microblaze_0/libsrc/standalone_v4_0/src"
make -C microblaze_0/libsrc/standalone_v4_0/src -s libs -e "SHELL=CMD" "COMPILER=mb-gcc" "ARCHIVER=mb-ar" "COMPILER_FLAGS= -O2 -c -mcpu=v9.3 -mlittle-endian -mxl-soft-mul" "EXTRA_COMPILER_FLAGS=-g -ffunction-sections -fdata-sections"
"Compiling standalone";
"Running Make libs in microblaze_0/libsrc/uartlite_v3_0/src"
make -C microblaze_0/libsrc/uartlite_v3_0/src -s libs -e "SHELL=CMD" "COMPILER=mb-gcc" "ARCHIVER=mb-ar" "COMPILER_FLAGS= -O2 -c -mcpu=v9.3 -mlittle-endian -mxl-soft-mul" "EXTRA_COMPILER_FLAGS=-g -ffunction-sections -fdata-sections"
"Compiling uartlite"
make[2]: Entering directory `C:/Users/Daniel/Documents/Uoft_hw/ECE532/PaintWithVision2/PaintWithVision2.sdk/SDK/SDK_Export/DanDaMan_bsp/microblaze_0/libsrc/uartlite_v3_0/src'
rm -rf *.o 
make[2]: Leaving directory `C:/Users/Daniel/Documents/Uoft_hw/ECE532/PaintWithVision2/PaintWithVision2.sdk/SDK/SDK_Export/DanDaMan_bsp/microblaze_0/libsrc/uartlite_v3_0/src'
'Finished building libraries'
13:30:28 **** Auto Build of project DanDaMan_bsp ****
make -k all 
"Running Make include in microblaze_0/libsrc/bram_v4_0/src"
make -C microblaze_0/libsrc/bram_v4_0/src -s include -e "SHELL=CMD" "COMPILER=mb-gcc" "ARCHIVER=mb-ar" "COMPILER_FLAGS= -O2 -c -mcpu=v9.3 -mlittle-endian -mxl-soft-mul" "EXTRA_COMPILER_FLAGS=-g -ffunction-sections -fdata-sections"
"Running Make include in microblaze_0/libsrc/cpu_v2_0/src"
make -C microblaze_0/libsrc/cpu_v2_0/src -s include -e "SHELL=CMD" "COMPILER=mb-gcc" "ARCHIVER=mb-ar" "COMPILER_FLAGS= -O2 -c -mcpu=v9.3 -mlittle-endian -mxl-soft-mul" "EXTRA_COMPILER_FLAGS=-g -ffunction-sections -fdata-sections"
"Running Make include in microblaze_0/libsrc/standalone_v4_0/src"
make -C microblaze_0/libsrc/standalone_v4_0/src -s include -e "SHELL=CMD" "COMPILER=mb-gcc" "ARCHIVER=mb-ar" "COMPILER_FLAGS= -O2 -c -mcpu=v9.3 -mlittle-endian -mxl-soft-mul" "EXTRA_COMPILER_FLAGS=-g -ffunction-sections -fdata-sections"
make[2]: Entering directory `C:/Users/Daniel/Documents/Uoft_hw/ECE532/PaintWithVision2/PaintWithVision2.sdk/SDK/SDK_Export/DanDaMan_bsp/microblaze_0/libsrc/standalone_v4_0/src/profile'
cp -rf profile.h mblaze_nt_types.h _profile_timer_hw.h ../../../../include
make[2]: Leaving directory `C:/Users/Daniel/Documents/Uoft_hw/ECE532/PaintWithVision2/PaintWithVision2.sdk/SDK/SDK_Export/DanDaMan_bsp/microblaze_0/libsrc/standalone_v4_0/src/profile'
"Running Make include in microblaze_0/libsrc/uartlite_v3_0/src"
make -C microblaze_0/libsrc/uartlite_v3_0/src -s include -e "SHELL=CMD" "COMPILER=mb-gcc" "ARCHIVER=mb-ar" "COMPILER_FLAGS= -O2 -c -mcpu=v9.3 -mlittle-endian -mxl-soft-mul" "EXTRA_COMPILER_FLAGS=-g -ffunction-sections -fdata-sections"
"Running Make libs in microblaze_0/libsrc/bram_v4_0/src"
make -C microblaze_0/libsrc/bram_v4_0/src -s libs -e "SHELL=CMD" "COMPILER=mb-gcc" "ARCHIVER=mb-ar" "COMPILER_FLAGS= -O2 -c -mcpu=v9.3 -mlittle-endian -mxl-soft-mul" "EXTRA_COMPILER_FLAGS=-g -ffunction-sections -fdata-sections"
"Compiling bram"
make[2]: Entering directory `C:/Users/Daniel/Documents/Uoft_hw/ECE532/PaintWithVision2/PaintWithVision2.sdk/SDK/SDK_Export/DanDaMan_bsp/microblaze_0/libsrc/bram_v4_0/src'
rm -rf *.o 
make[2]: Leaving directory `C:/Users/Daniel/Documents/Uoft_hw/ECE532/PaintWithVision2/PaintWithVision2.sdk/SDK/SDK_Export/DanDaMan_bsp/microblaze_0/libsrc/bram_v4_0/src'
"Running Make libs in microblaze_0/libsrc/cpu_v2_0/src"
make -C microblaze_0/libsrc/cpu_v2_0/src -s libs -e "SHELL=CMD" "COMPILER=mb-gcc" "ARCHIVER=mb-ar" "COMPILER_FLAGS= -O2 -c -mcpu=v9.3 -mlittle-endian -mxl-soft-mul" "EXTRA_COMPILER_FLAGS=-g -ffunction-sections -fdata-sections"
"Compiling cpu"
make[2]: Entering directory `C:/Users/Daniel/Documents/Uoft_hw/ECE532/PaintWithVision2/PaintWithVision2.sdk/SDK/SDK_Export/DanDaMan_bsp/microblaze_0/libsrc/cpu_v2_0/src'
rm -rf *.o
make[2]: Leaving directory `C:/Users/Daniel/Documents/Uoft_hw/ECE532/PaintWithVision2/PaintWithVision2.sdk/SDK/SDK_Export/DanDaMan_bsp/microblaze_0/libsrc/cpu_v2_0/src'
"Running Make libs in microblaze_0/libsrc/standalone_v4_0/src"
make -C microblaze_0/libsrc/standalone_v4_0/src -s libs -e "SHELL=CMD" "COMPILER=mb-gcc" "ARCHIVER=mb-ar" "COMPILER_FLAGS= -O2 -c -mcpu=v9.3 -mlittle-endian -mxl-soft-mul" "EXTRA_COMPILER_FLAGS=-g -ffunction-sections -fdata-sections"
"Compiling standalone";
"Running Make libs in microblaze_0/libsrc/uartlite_v3_0/src"
make -C microblaze_0/libsrc/uartlite_v3_0/src -s libs -e "SHELL=CMD" "COMPILER=mb-gcc" "ARCHIVER=mb-ar" "COMPILER_FLAGS= -O2 -c -mcpu=v9.3 -mlittle-endian -mxl-soft-mul" "EXTRA_COMPILER_FLAGS=-g -ffunction-sections -fdata-sections"
"Compiling uartlite"
make[2]: Entering directory `C:/Users/Daniel/Documents/Uoft_hw/ECE532/PaintWithVision2/PaintWithVision2.sdk/SDK/SDK_Export/DanDaMan_bsp/microblaze_0/libsrc/uartlite_v3_0/src'
rm -rf *.o 
make[2]: Leaving directory `C:/Users/Daniel/Documents/Uoft_hw/ECE532/PaintWithVision2/PaintWithVision2.sdk/SDK/SDK_Export/DanDaMan_bsp/microblaze_0/libsrc/uartlite_v3_0/src'
'Finished building libraries'
13:30:36 **** Auto Build of configuration Debug for project DanDaMan ****
make all 
make: Nothing to be done for `all'.
13:33:15 **** Build of project PaintWithVision2_code_bsp ****
make -k all 
cp -f microblaze_0/lib/libxil_init.a microblaze_0/lib/libxil.a
"Running Make include in microblaze_0/libsrc/bram_v4_0/src"
make -C microblaze_0/libsrc/bram_v4_0/src -s include -e "SHELL=CMD" "COMPILER=mb-gcc" "ARCHIVER=mb-ar" "COMPILER_FLAGS= -O2 -c -mcpu=v9.3 -mlittle-endian -mxl-soft-mul" "EXTRA_COMPILER_FLAGS=-g -ffunction-sections -fdata-sections"
"Running Make include in microblaze_0/libsrc/cpu_v2_0/src"
make -C microblaze_0/libsrc/cpu_v2_0/src -s include -e "SHELL=CMD" "COMPILER=mb-gcc" "ARCHIVER=mb-ar" "COMPILER_FLAGS= -O2 -c -mcpu=v9.3 -mlittle-endian -mxl-soft-mul" "EXTRA_COMPILER_FLAGS=-g -ffunction-sections -fdata-sections"
"Running Make include in microblaze_0/libsrc/standalone_v4_0/src"
make -C microblaze_0/libsrc/standalone_v4_0/src -s include -e "SHELL=CMD" "COMPILER=mb-gcc" "ARCHIVER=mb-ar" "COMPILER_FLAGS= -O2 -c -mcpu=v9.3 -mlittle-endian -mxl-soft-mul" "EXTRA_COMPILER_FLAGS=-g -ffunction-sections -fdata-sections"
make[2]: Entering directory `C:/Users/Daniel/Documents/Uoft_hw/ECE532/PaintWithVision2/PaintWithVision2.sdk/SDK/SDK_Export/PaintWithVision2_code_bsp/microblaze_0/libsrc/standalone_v4_0/src/profile'
cp -rf profile.h mblaze_nt_types.h _profile_timer_hw.h ../../../../include
make[2]: Leaving directory `C:/Users/Daniel/Documents/Uoft_hw/ECE532/PaintWithVision2/PaintWithVision2.sdk/SDK/SDK_Export/PaintWithVision2_code_bsp/microblaze_0/libsrc/standalone_v4_0/src/profile'
"Running Make include in microblaze_0/libsrc/tft_v5_0/src"
make -C microblaze_0/libsrc/tft_v5_0/src -s include -e "SHELL=CMD" "COMPILER=mb-gcc" "ARCHIVER=mb-ar" "COMPILER_FLAGS= -O2 -c -mcpu=v9.3 -mlittle-endian -mxl-soft-mul" "EXTRA_COMPILER_FLAGS=-g -ffunction-sections -fdata-sections"
"Running Make include in microblaze_0/libsrc/uartlite_v3_0/src"
make -C microblaze_0/libsrc/uartlite_v3_0/src -s include -e "SHELL=CMD" "COMPILER=mb-gcc" "ARCHIVER=mb-ar" "COMPILER_FLAGS= -O2 -c -mcpu=v9.3 -mlittle-endian -mxl-soft-mul" "EXTRA_COMPILER_FLAGS=-g -ffunction-sections -fdata-sections"
"Running Make libs in microblaze_0/libsrc/bram_v4_0/src"
make -C microblaze_0/libsrc/bram_v4_0/src -s libs -e "SHELL=CMD" "COMPILER=mb-gcc" "ARCHIVER=mb-ar" "COMPILER_FLAGS= -O2 -c -mcpu=v9.3 -mlittle-endian -mxl-soft-mul" "EXTRA_COMPILER_FLAGS=-g -ffunction-sections -fdata-sections"
"Compiling bram"
make[2]: Entering directory `C:/Users/Daniel/Documents/Uoft_hw/ECE532/PaintWithVision2/PaintWithVision2.sdk/SDK/SDK_Export/PaintWithVision2_code_bsp/microblaze_0/libsrc/bram_v4_0/src'
rm -rf *.o 
make[2]: Leaving directory `C:/Users/Daniel/Documents/Uoft_hw/ECE532/PaintWithVision2/PaintWithVision2.sdk/SDK/SDK_Export/PaintWithVision2_code_bsp/microblaze_0/libsrc/bram_v4_0/src'
"Running Make libs in microblaze_0/libsrc/cpu_v2_0/src"
make -C microblaze_0/libsrc/cpu_v2_0/src -s libs -e "SHELL=CMD" "COMPILER=mb-gcc" "ARCHIVER=mb-ar" "COMPILER_FLAGS= -O2 -c -mcpu=v9.3 -mlittle-endian -mxl-soft-mul" "EXTRA_COMPILER_FLAGS=-g -ffunction-sections -fdata-sections"
"Compiling cpu"
make[2]: Entering directory `C:/Users/Daniel/Documents/Uoft_hw/ECE532/PaintWithVision2/PaintWithVision2.sdk/SDK/SDK_Export/PaintWithVision2_code_bsp/microblaze_0/libsrc/cpu_v2_0/src'
rm -rf *.o
make[2]: Leaving directory `C:/Users/Daniel/Documents/Uoft_hw/ECE532/PaintWithVision2/PaintWithVision2.sdk/SDK/SDK_Export/PaintWithVision2_code_bsp/microblaze_0/libsrc/cpu_v2_0/src'
"Running Make libs in microblaze_0/libsrc/standalone_v4_0/src"
make -C microblaze_0/libsrc/standalone_v4_0/src -s libs -e "SHELL=CMD" "COMPILER=mb-gcc" "ARCHIVER=mb-ar" "COMPILER_FLAGS= -O2 -c -mcpu=v9.3 -mlittle-endian -mxl-soft-mul" "EXTRA_COMPILER_FLAGS=-g -ffunction-sections -fdata-sections"
"Compiling standalone";
"Running Make libs in microblaze_0/libsrc/tft_v5_0/src"
make -C microblaze_0/libsrc/tft_v5_0/src -s libs -e "SHELL=CMD" "COMPILER=mb-gcc" "ARCHIVER=mb-ar" "COMPILER_FLAGS= -O2 -c -mcpu=v9.3 -mlittle-endian -mxl-soft-mul" "EXTRA_COMPILER_FLAGS=-g -ffunction-sections -fdata-sections"
"Compiling tft"
make[2]: Entering directory `C:/Users/Daniel/Documents/Uoft_hw/ECE532/PaintWithVision2/PaintWithVision2.sdk/SDK/SDK_Export/PaintWithVision2_code_bsp/microblaze_0/libsrc/tft_v5_0/src'
rm -rf *.o
make[2]: Leaving directory `C:/Users/Daniel/Documents/Uoft_hw/ECE532/PaintWithVision2/PaintWithVision2.sdk/SDK/SDK_Export/PaintWithVision2_code_bsp/microblaze_0/libsrc/tft_v5_0/src'
"Running Make libs in microblaze_0/libsrc/uartlite_v3_0/src"
make -C microblaze_0/libsrc/uartlite_v3_0/src -s libs -e "SHELL=CMD" "COMPILER=mb-gcc" "ARCHIVER=mb-ar" "COMPILER_FLAGS= -O2 -c -mcpu=v9.3 -mlittle-endian -mxl-soft-mul" "EXTRA_COMPILER_FLAGS=-g -ffunction-sections -fdata-sections"
"Compiling uartlite"
make[2]: Entering directory `C:/Users/Daniel/Documents/Uoft_hw/ECE532/PaintWithVision2/PaintWithVision2.sdk/SDK/SDK_Export/PaintWithVision2_code_bsp/microblaze_0/libsrc/uartlite_v3_0/src'
rm -rf *.o 
make[2]: Leaving directory `C:/Users/Daniel/Documents/Uoft_hw/ECE532/PaintWithVision2/PaintWithVision2.sdk/SDK/SDK_Export/PaintWithVision2_code_bsp/microblaze_0/libsrc/uartlite_v3_0/src'
'Finished building libraries'
13:33:26 **** Auto Build of project PaintWithVision2_code_bsp ****
make -k all 
cp -f microblaze_0/lib/libxil_init.a microblaze_0/lib/libxil.a
"Running Make include in microblaze_0/libsrc/bram_v4_0/src"
make -C microblaze_0/libsrc/bram_v4_0/src -s include -e "SHELL=CMD" "COMPILER=mb-gcc" "ARCHIVER=mb-ar" "COMPILER_FLAGS= -O2 -c -mcpu=v9.3 -mlittle-endian -mxl-soft-mul" "EXTRA_COMPILER_FLAGS=-g -ffunction-sections -fdata-sections"
"Running Make include in microblaze_0/libsrc/cpu_v2_0/src"
make -C microblaze_0/libsrc/cpu_v2_0/src -s include -e "SHELL=CMD" "COMPILER=mb-gcc" "ARCHIVER=mb-ar" "COMPILER_FLAGS= -O2 -c -mcpu=v9.3 -mlittle-endian -mxl-soft-mul" "EXTRA_COMPILER_FLAGS=-g -ffunction-sections -fdata-sections"
"Running Make include in microblaze_0/libsrc/standalone_v4_0/src"
make -C microblaze_0/libsrc/standalone_v4_0/src -s include -e "SHELL=CMD" "COMPILER=mb-gcc" "ARCHIVER=mb-ar" "COMPILER_FLAGS= -O2 -c -mcpu=v9.3 -mlittle-endian -mxl-soft-mul" "EXTRA_COMPILER_FLAGS=-g -ffunction-sections -fdata-sections"
make[2]: Entering directory `C:/Users/Daniel/Documents/Uoft_hw/ECE532/PaintWithVision2/PaintWithVision2.sdk/SDK/SDK_Export/PaintWithVision2_code_bsp/microblaze_0/libsrc/standalone_v4_0/src/profile'
cp -rf profile.h mblaze_nt_types.h _profile_timer_hw.h ../../../../include
make[2]: Leaving directory `C:/Users/Daniel/Documents/Uoft_hw/ECE532/PaintWithVision2/PaintWithVision2.sdk/SDK/SDK_Export/PaintWithVision2_code_bsp/microblaze_0/libsrc/standalone_v4_0/src/profile'
"Running Make include in microblaze_0/libsrc/tft_v5_0/src"
make -C microblaze_0/libsrc/tft_v5_0/src -s include -e "SHELL=CMD" "COMPILER=mb-gcc" "ARCHIVER=mb-ar" "COMPILER_FLAGS= -O2 -c -mcpu=v9.3 -mlittle-endian -mxl-soft-mul" "EXTRA_COMPILER_FLAGS=-g -ffunction-sections -fdata-sections"
"Running Make include in microblaze_0/libsrc/uartlite_v3_0/src"
make -C microblaze_0/libsrc/uartlite_v3_0/src -s include -e "SHELL=CMD" "COMPILER=mb-gcc" "ARCHIVER=mb-ar" "COMPILER_FLAGS= -O2 -c -mcpu=v9.3 -mlittle-endian -mxl-soft-mul" "EXTRA_COMPILER_FLAGS=-g -ffunction-sections -fdata-sections"
"Running Make libs in microblaze_0/libsrc/bram_v4_0/src"
make -C microblaze_0/libsrc/bram_v4_0/src -s libs -e "SHELL=CMD" "COMPILER=mb-gcc" "ARCHIVER=mb-ar" "COMPILER_FLAGS= -O2 -c -mcpu=v9.3 -mlittle-endian -mxl-soft-mul" "EXTRA_COMPILER_FLAGS=-g -ffunction-sections -fdata-sections"
"Compiling bram"
make[2]: Entering directory `C:/Users/Daniel/Documents/Uoft_hw/ECE532/PaintWithVision2/PaintWithVision2.sdk/SDK/SDK_Export/PaintWithVision2_code_bsp/microblaze_0/libsrc/bram_v4_0/src'
rm -rf *.o 
make[2]: Leaving directory `C:/Users/Daniel/Documents/Uoft_hw/ECE532/PaintWithVision2/PaintWithVision2.sdk/SDK/SDK_Export/PaintWithVision2_code_bsp/microblaze_0/libsrc/bram_v4_0/src'
"Running Make libs in microblaze_0/libsrc/cpu_v2_0/src"
make -C microblaze_0/libsrc/cpu_v2_0/src -s libs -e "SHELL=CMD" "COMPILER=mb-gcc" "ARCHIVER=mb-ar" "COMPILER_FLAGS= -O2 -c -mcpu=v9.3 -mlittle-endian -mxl-soft-mul" "EXTRA_COMPILER_FLAGS=-g -ffunction-sections -fdata-sections"
"Compiling cpu"
make[2]: Entering directory `C:/Users/Daniel/Documents/Uoft_hw/ECE532/PaintWithVision2/PaintWithVision2.sdk/SDK/SDK_Export/PaintWithVision2_code_bsp/microblaze_0/libsrc/cpu_v2_0/src'
rm -rf *.o
make[2]: Leaving directory `C:/Users/Daniel/Documents/Uoft_hw/ECE532/PaintWithVision2/PaintWithVision2.sdk/SDK/SDK_Export/PaintWithVision2_code_bsp/microblaze_0/libsrc/cpu_v2_0/src'
"Running Make libs in microblaze_0/libsrc/standalone_v4_0/src"
make -C microblaze_0/libsrc/standalone_v4_0/src -s libs -e "SHELL=CMD" "COMPILER=mb-gcc" "ARCHIVER=mb-ar" "COMPILER_FLAGS= -O2 -c -mcpu=v9.3 -mlittle-endian -mxl-soft-mul" "EXTRA_COMPILER_FLAGS=-g -ffunction-sections -fdata-sections"
"Compiling standalone";
"Running Make libs in microblaze_0/libsrc/tft_v5_0/src"
make -C microblaze_0/libsrc/tft_v5_0/src -s libs -e "SHELL=CMD" "COMPILER=mb-gcc" "ARCHIVER=mb-ar" "COMPILER_FLAGS= -O2 -c -mcpu=v9.3 -mlittle-endian -mxl-soft-mul" "EXTRA_COMPILER_FLAGS=-g -ffunction-sections -fdata-sections"
"Compiling tft"
make[2]: Entering directory `C:/Users/Daniel/Documents/Uoft_hw/ECE532/PaintWithVision2/PaintWithVision2.sdk/SDK/SDK_Export/PaintWithVision2_code_bsp/microblaze_0/libsrc/tft_v5_0/src'
rm -rf *.o
make[2]: Leaving directory `C:/Users/Daniel/Documents/Uoft_hw/ECE532/PaintWithVision2/PaintWithVision2.sdk/SDK/SDK_Export/PaintWithVision2_code_bsp/microblaze_0/libsrc/tft_v5_0/src'
"Running Make libs in microblaze_0/libsrc/uartlite_v3_0/src"
make -C microblaze_0/libsrc/uartlite_v3_0/src -s libs -e "SHELL=CMD" "COMPILER=mb-gcc" "ARCHIVER=mb-ar" "COMPILER_FLAGS= -O2 -c -mcpu=v9.3 -mlittle-endian -mxl-soft-mul" "EXTRA_COMPILER_FLAGS=-g -ffunction-sections -fdata-sections"
"Compiling uartlite"
make[2]: Entering directory `C:/Users/Daniel/Documents/Uoft_hw/ECE532/PaintWithVision2/PaintWithVision2.sdk/SDK/SDK_Export/PaintWithVision2_code_bsp/microblaze_0/libsrc/uartlite_v3_0/src'
rm -rf *.o 
make[2]: Leaving directory `C:/Users/Daniel/Documents/Uoft_hw/ECE532/PaintWithVision2/PaintWithVision2.sdk/SDK/SDK_Export/PaintWithVision2_code_bsp/microblaze_0/libsrc/uartlite_v3_0/src'
'Finished building libraries'
13:33:35 **** Build of configuration Debug for project PaintWithVision2_code ****
make all 
'Building file: ../src/helloworld.c'
'Invoking: MicroBlaze gcc compiler'
mb-gcc -Wall -O0 -g3 -c -fmessage-length=0 -I../../PaintWithVision2_code_bsp/microblaze_0/include -mlittle-endian -mcpu=v9.3 -mxl-soft-mul -Wl,--no-relax -ffunction-sections -fdata-sections -MMD -MP -MF"src/helloworld.d" -MT"src/helloworld.d" -o "src/helloworld.o" "../src/helloworld.c"
'Finished building: ../src/helloworld.c'
' '
'Building file: ../src/platform.c'
'Invoking: MicroBlaze gcc compiler'
mb-gcc -Wall -O0 -g3 -c -fmessage-length=0 -I../../PaintWithVision2_code_bsp/microblaze_0/include -mlittle-endian -mcpu=v9.3 -mxl-soft-mul -Wl,--no-relax -ffunction-sections -fdata-sections -MMD -MP -MF"src/platform.d" -MT"src/platform.d" -o "src/platform.o" "../src/platform.c"
'Finished building: ../src/platform.c'
' '
'Building target: PaintWithVision2_code.elf'
'Invoking: MicroBlaze gcc linker'
mb-gcc -Wl,-T -Wl,../src/lscript.ld -L../../PaintWithVision2_code_bsp/microblaze_0/lib -mlittle-endian -mcpu=v9.3 -mxl-soft-mul -Wl,--no-relax -Wl,--gc-sections -o "PaintWithVision2_code.elf"  ./src/helloworld.o ./src/platform.o   -Wl,--start-group,-lxil,-lgcc,-lc,--end-group
'Finished building target: PaintWithVision2_code.elf'
' '
'Invoking: MicroBlaze Print Size'
mb-size PaintWithVision2_code.elf  |tee "PaintWithVision2_code.elf.size"
   text	   data	    bss	    dec	    hex	filename
   2364	    268	   2084	   4716	   126c	PaintWithVision2_code.elf
'Finished building: PaintWithVision2_code.elf.size'
' '
13:33:40 **** Build of project PaintWithVision_code_bsp ****
make -k all 
cp -f microblaze_0/lib/libxil_init.a microblaze_0/lib/libxil.a
"Running Make include in microblaze_0/libsrc/bram_v4_0/src"
make -C microblaze_0/libsrc/bram_v4_0/src -s include -e "SHELL=CMD" "COMPILER=mb-gcc" "ARCHIVER=mb-ar" "COMPILER_FLAGS= -O2 -c -mcpu=v9.3 -mlittle-endian -mxl-soft-mul" "EXTRA_COMPILER_FLAGS=-g -ffunction-sections -fdata-sections"
"Running Make include in microblaze_0/libsrc/cpu_v2_0/src"
make -C microblaze_0/libsrc/cpu_v2_0/src -s include -e "SHELL=CMD" "COMPILER=mb-gcc" "ARCHIVER=mb-ar" "COMPILER_FLAGS= -O2 -c -mcpu=v9.3 -mlittle-endian -mxl-soft-mul" "EXTRA_COMPILER_FLAGS=-g -ffunction-sections -fdata-sections"
"Running Make include in microblaze_0/libsrc/standalone_v4_0/src"
make -C microblaze_0/libsrc/standalone_v4_0/src -s include -e "SHELL=CMD" "COMPILER=mb-gcc" "ARCHIVER=mb-ar" "COMPILER_FLAGS= -O2 -c -mcpu=v9.3 -mlittle-endian -mxl-soft-mul" "EXTRA_COMPILER_FLAGS=-g -ffunction-sections -fdata-sections"
make[2]: Entering directory `C:/Users/Daniel/Documents/Uoft_hw/ECE532/PaintWithVision2/PaintWithVision2.sdk/SDK/SDK_Export/PaintWithVision_code_bsp/microblaze_0/libsrc/standalone_v4_0/src/profile'
cp -rf profile.h mblaze_nt_types.h _profile_timer_hw.h ../../../../include
make[2]: Leaving directory `C:/Users/Daniel/Documents/Uoft_hw/ECE532/PaintWithVision2/PaintWithVision2.sdk/SDK/SDK_Export/PaintWithVision_code_bsp/microblaze_0/libsrc/standalone_v4_0/src/profile'
"Running Make include in microblaze_0/libsrc/tft_v5_0/src"
make -C microblaze_0/libsrc/tft_v5_0/src -s include -e "SHELL=CMD" "COMPILER=mb-gcc" "ARCHIVER=mb-ar" "COMPILER_FLAGS= -O2 -c -mcpu=v9.3 -mlittle-endian -mxl-soft-mul" "EXTRA_COMPILER_FLAGS=-g -ffunction-sections -fdata-sections"
"Running Make include in microblaze_0/libsrc/uartlite_v3_0/src"
make -C microblaze_0/libsrc/uartlite_v3_0/src -s include -e "SHELL=CMD" "COMPILER=mb-gcc" "ARCHIVER=mb-ar" "COMPILER_FLAGS= -O2 -c -mcpu=v9.3 -mlittle-endian -mxl-soft-mul" "EXTRA_COMPILER_FLAGS=-g -ffunction-sections -fdata-sections"
"Running Make libs in microblaze_0/libsrc/bram_v4_0/src"
make -C microblaze_0/libsrc/bram_v4_0/src -s libs -e "SHELL=CMD" "COMPILER=mb-gcc" "ARCHIVER=mb-ar" "COMPILER_FLAGS= -O2 -c -mcpu=v9.3 -mlittle-endian -mxl-soft-mul" "EXTRA_COMPILER_FLAGS=-g -ffunction-sections -fdata-sections"
"Compiling bram"
make[2]: Entering directory `C:/Users/Daniel/Documents/Uoft_hw/ECE532/PaintWithVision2/PaintWithVision2.sdk/SDK/SDK_Export/PaintWithVision_code_bsp/microblaze_0/libsrc/bram_v4_0/src'
rm -rf *.o 
make[2]: Leaving directory `C:/Users/Daniel/Documents/Uoft_hw/ECE532/PaintWithVision2/PaintWithVision2.sdk/SDK/SDK_Export/PaintWithVision_code_bsp/microblaze_0/libsrc/bram_v4_0/src'
"Running Make libs in microblaze_0/libsrc/cpu_v2_0/src"
make -C microblaze_0/libsrc/cpu_v2_0/src -s libs -e "SHELL=CMD" "COMPILER=mb-gcc" "ARCHIVER=mb-ar" "COMPILER_FLAGS= -O2 -c -mcpu=v9.3 -mlittle-endian -mxl-soft-mul" "EXTRA_COMPILER_FLAGS=-g -ffunction-sections -fdata-sections"
"Compiling cpu"
make[2]: Entering directory `C:/Users/Daniel/Documents/Uoft_hw/ECE532/PaintWithVision2/PaintWithVision2.sdk/SDK/SDK_Export/PaintWithVision_code_bsp/microblaze_0/libsrc/cpu_v2_0/src'
rm -rf *.o
make[2]: Leaving directory `C:/Users/Daniel/Documents/Uoft_hw/ECE532/PaintWithVision2/PaintWithVision2.sdk/SDK/SDK_Export/PaintWithVision_code_bsp/microblaze_0/libsrc/cpu_v2_0/src'
"Running Make libs in microblaze_0/libsrc/standalone_v4_0/src"
make -C microblaze_0/libsrc/standalone_v4_0/src -s libs -e "SHELL=CMD" "COMPILER=mb-gcc" "ARCHIVER=mb-ar" "COMPILER_FLAGS= -O2 -c -mcpu=v9.3 -mlittle-endian -mxl-soft-mul" "EXTRA_COMPILER_FLAGS=-g -ffunction-sections -fdata-sections"
"Compiling standalone";
"Running Make libs in microblaze_0/libsrc/tft_v5_0/src"
make -C microblaze_0/libsrc/tft_v5_0/src -s libs -e "SHELL=CMD" "COMPILER=mb-gcc" "ARCHIVER=mb-ar" "COMPILER_FLAGS= -O2 -c -mcpu=v9.3 -mlittle-endian -mxl-soft-mul" "EXTRA_COMPILER_FLAGS=-g -ffunction-sections -fdata-sections"
"Compiling tft"
make[2]: Entering directory `C:/Users/Daniel/Documents/Uoft_hw/ECE532/PaintWithVision2/PaintWithVision2.sdk/SDK/SDK_Export/PaintWithVision_code_bsp/microblaze_0/libsrc/tft_v5_0/src'
rm -rf *.o
make[2]: Leaving directory `C:/Users/Daniel/Documents/Uoft_hw/ECE532/PaintWithVision2/PaintWithVision2.sdk/SDK/SDK_Export/PaintWithVision_code_bsp/microblaze_0/libsrc/tft_v5_0/src'
"Running Make libs in microblaze_0/libsrc/uartlite_v3_0/src"
make -C microblaze_0/libsrc/uartlite_v3_0/src -s libs -e "SHELL=CMD" "COMPILER=mb-gcc" "ARCHIVER=mb-ar" "COMPILER_FLAGS= -O2 -c -mcpu=v9.3 -mlittle-endian -mxl-soft-mul" "EXTRA_COMPILER_FLAGS=-g -ffunction-sections -fdata-sections"
"Compiling uartlite"
make[2]: Entering directory `C:/Users/Daniel/Documents/Uoft_hw/ECE532/PaintWithVision2/PaintWithVision2.sdk/SDK/SDK_Export/PaintWithVision_code_bsp/microblaze_0/libsrc/uartlite_v3_0/src'
rm -rf *.o 
make[2]: Leaving directory `C:/Users/Daniel/Documents/Uoft_hw/ECE532/PaintWithVision2/PaintWithVision2.sdk/SDK/SDK_Export/PaintWithVision_code_bsp/microblaze_0/libsrc/uartlite_v3_0/src'
'Finished building libraries'
13:33:53 **** Build of configuration Debug for project PaintWithVision_code ****
make all 
'Building file: ../src/helloworld.c'
'Invoking: MicroBlaze gcc compiler'
mb-gcc -Wall -O0 -g3 -c -fmessage-length=0 -I../../PaintWithVision_code_bsp/microblaze_0/include -mlittle-endian -mcpu=v9.3 -mxl-soft-mul -Wl,--no-relax -ffunction-sections -fdata-sections -MMD -MP -MF"src/helloworld.d" -MT"src/helloworld.d" -o "src/helloworld.o" "../src/helloworld.c"
'Finished building: ../src/helloworld.c'
' '
'Building file: ../src/platform.c'
'Invoking: MicroBlaze gcc compiler'
mb-gcc -Wall -O0 -g3 -c -fmessage-length=0 -I../../PaintWithVision_code_bsp/microblaze_0/include -mlittle-endian -mcpu=v9.3 -mxl-soft-mul -Wl,--no-relax -ffunction-sections -fdata-sections -MMD -MP -MF"src/platform.d" -MT"src/platform.d" -o "src/platform.o" "../src/platform.c"
'Finished building: ../src/platform.c'
' '
'Building target: PaintWithVision_code.elf'
'Invoking: MicroBlaze gcc linker'
mb-gcc -Wl,-T -Wl,../src/lscript.ld -L../../PaintWithVision_code_bsp/microblaze_0/lib -mlittle-endian -mcpu=v9.3 -mxl-soft-mul -Wl,--no-relax -Wl,--gc-sections -o "PaintWithVision_code.elf"  ./src/helloworld.o ./src/platform.o   -Wl,--start-group,-lxil,-lgcc,-lc,--end-group
'Finished building target: PaintWithVision_code.elf'
' '
'Invoking: MicroBlaze Print Size'
mb-size PaintWithVision_code.elf  |tee "PaintWithVision_code.elf.size"
   text	   data	    bss	    dec	    hex	filename
   2364	    268	   2084	   4716	   126c	PaintWithVision_code.elf
'Finished building: PaintWithVision_code.elf.size'
' '
13:34:07 **** Auto Build of configuration Debug for project PaintWithVision_code ****
make all 
'Building file: ../src/helloworld.c'
'Invoking: MicroBlaze gcc compiler'
mb-gcc -Wall -O0 -g3 -c -fmessage-length=0 -I../../PaintWithVision_code_bsp/microblaze_0/include -mlittle-endian -mcpu=v9.3 -mxl-soft-mul -Wl,--no-relax -ffunction-sections -fdata-sections -MMD -MP -MF"src/helloworld.d" -MT"src/helloworld.d" -o "src/helloworld.o" "../src/helloworld.c"
../src/helloworld.c: In function 'main':
../src/helloworld.c:41:7: warning: unused variable 'status' [-Wunused-variable]
   int status = XTft_CfgInitialize(&TftInstance, tft, tft->BaseAddress);
       ^
'Finished building: ../src/helloworld.c'
' '
'Building target: PaintWithVision_code.elf'
'Invoking: MicroBlaze gcc linker'
mb-gcc -Wl,-T -Wl,../src/lscript.ld -L../../PaintWithVision_code_bsp/microblaze_0/lib -mlittle-endian -mcpu=v9.3 -mxl-soft-mul -Wl,--no-relax -Wl,--gc-sections -o "PaintWithVision_code.elf"  ./src/helloworld.o ./src/platform.o   -Wl,--start-group,-lxil,-lgcc,-lc,--end-group
'Finished building target: PaintWithVision_code.elf'
' '
'Invoking: MicroBlaze Print Size'
mb-size PaintWithVision_code.elf  |tee "PaintWithVision_code.elf.size"
   text	   data	    bss	    dec	    hex	filename
   7220	    292	   2124	   9636	   25a4	PaintWithVision_code.elf
'Finished building: PaintWithVision_code.elf.size'
' '
13:34:41 **** Auto Build of configuration Debug for project PaintWithVision_code ****
make all 
'Building file: ../src/helloworld.c'
'Invoking: MicroBlaze gcc compiler'
mb-gcc -Wall -O0 -g3 -c -fmessage-length=0 -I../../PaintWithVision_code_bsp/microblaze_0/include -mlittle-endian -mcpu=v9.3 -mxl-soft-mul -Wl,--no-relax -ffunction-sections -fdata-sections -MMD -MP -MF"src/helloworld.d" -MT"src/helloworld.d" -o "src/helloworld.o" "../src/helloworld.c"
../src/helloworld.c: In function 'main':
../src/helloworld.c:41:7: warning: unused variable 'status' [-Wunused-variable]
   int status = XTft_CfgInitialize(&TftInstance, tft, tft->BaseAddress);
       ^
'Finished building: ../src/helloworld.c'
' '
'Building target: PaintWithVision_code.elf'
'Invoking: MicroBlaze gcc linker'
mb-gcc -Wl,-T -Wl,../src/lscript.ld -L../../PaintWithVision_code_bsp/microblaze_0/lib -mlittle-endian -mcpu=v9.3 -mxl-soft-mul -Wl,--no-relax -Wl,--gc-sections -o "PaintWithVision_code.elf"  ./src/helloworld.o ./src/platform.o   -Wl,--start-group,-lxil,-lgcc,-lc,--end-group
'Finished building target: PaintWithVision_code.elf'
' '
'Invoking: MicroBlaze Print Size'
mb-size PaintWithVision_code.elf  |tee "PaintWithVision_code.elf.size"
   text	   data	    bss	    dec	    hex	filename
   7220	    292	   2124	   9636	   25a4	PaintWithVision_code.elf
'Finished building: PaintWithVision_code.elf.size'
' '
13:35:31 **** Incremental Build of configuration Debug for project PaintWithVision_code ****
make all 
make: Nothing to be done for `all'.
13:35:32 **** Incremental Build of configuration Debug for project DanDaMan ****
make all 
make: Nothing to be done for `all'.
13:36:21 **** Incremental Build of configuration Debug for project PaintWithVision_code ****
make all 
make: Nothing to be done for `all'.
13:36:21 **** Incremental Build of configuration Debug for project DanDaMan ****
make all 
make: Nothing to be done for `all'.
13:37:43 **** Auto Build of configuration Debug for project PaintWithVision_code ****
make all 
'Building file: ../src/helloworld.c'
'Invoking: MicroBlaze gcc compiler'
mb-gcc -Wall -O0 -g3 -c -fmessage-length=0 -I../../PaintWithVision_code_bsp/microblaze_0/include -mlittle-endian -mcpu=v9.3 -mxl-soft-mul -Wl,--no-relax -ffunction-sections -fdata-sections -MMD -MP -MF"src/helloworld.d" -MT"src/helloworld.d" -o "src/helloworld.o" "../src/helloworld.c"
../src/helloworld.c: In function 'main':
../src/helloworld.c:41:7: warning: unused variable 'status' [-Wunused-variable]
   int status = XTft_CfgInitialize(&TftInstance, tft, tft->BaseAddress);
       ^
'Finished building: ../src/helloworld.c'
' '
'Building target: PaintWithVision_code.elf'
'Invoking: MicroBlaze gcc linker'
mb-gcc -Wl,-T -Wl,../src/lscript.ld -L../../PaintWithVision_code_bsp/microblaze_0/lib -mlittle-endian -mcpu=v9.3 -mxl-soft-mul -Wl,--no-relax -Wl,--gc-sections -o "PaintWithVision_code.elf"  ./src/helloworld.o ./src/platform.o   -Wl,--start-group,-lxil,-lgcc,-lc,--end-group
'Finished building target: PaintWithVision_code.elf'
' '
'Invoking: MicroBlaze Print Size'
mb-size PaintWithVision_code.elf  |tee "PaintWithVision_code.elf.size"
   text	   data	    bss	    dec	    hex	filename
   7220	    292	   2124	   9636	   25a4	PaintWithVision_code.elf
'Finished building: PaintWithVision_code.elf.size'
' '
13:37:45 **** Incremental Build of configuration Debug for project PaintWithVision_code ****
make all 
make: Nothing to be done for `all'.
13:37:46 **** Incremental Build of configuration Debug for project DanDaMan ****
make all 
make: Nothing to be done for `all'.
13:38:24 **** Build of project test_bsp ****
make -k all 
cp -f microblaze_0/lib/libxil_init.a microblaze_0/lib/libxil.a
"Running Make include in microblaze_0/libsrc/bram_v4_0/src"
make -C microblaze_0/libsrc/bram_v4_0/src -s include -e "SHELL=CMD" "COMPILER=mb-gcc" "ARCHIVER=mb-ar" "COMPILER_FLAGS= -O2 -c -mcpu=v9.3 -mlittle-endian -mxl-soft-mul" "EXTRA_COMPILER_FLAGS=-g -ffunction-sections -fdata-sections"
"Running Make include in microblaze_0/libsrc/cpu_v2_0/src"
make -C microblaze_0/libsrc/cpu_v2_0/src -s include -e "SHELL=CMD" "COMPILER=mb-gcc" "ARCHIVER=mb-ar" "COMPILER_FLAGS= -O2 -c -mcpu=v9.3 -mlittle-endian -mxl-soft-mul" "EXTRA_COMPILER_FLAGS=-g -ffunction-sections -fdata-sections"
"Running Make include in microblaze_0/libsrc/standalone_v4_0/src"
make -C microblaze_0/libsrc/standalone_v4_0/src -s include -e "SHELL=CMD" "COMPILER=mb-gcc" "ARCHIVER=mb-ar" "COMPILER_FLAGS= -O2 -c -mcpu=v9.3 -mlittle-endian -mxl-soft-mul" "EXTRA_COMPILER_FLAGS=-g -ffunction-sections -fdata-sections"
make[2]: Entering directory `C:/Users/Daniel/Documents/Uoft_hw/ECE532/PaintWithVision2/PaintWithVision2.sdk/SDK/SDK_Export/test_bsp/microblaze_0/libsrc/standalone_v4_0/src/profile'
cp -rf profile.h mblaze_nt_types.h _profile_timer_hw.h ../../../../include
make[2]: Leaving directory `C:/Users/Daniel/Documents/Uoft_hw/ECE532/PaintWithVision2/PaintWithVision2.sdk/SDK/SDK_Export/test_bsp/microblaze_0/libsrc/standalone_v4_0/src/profile'
"Running Make include in microblaze_0/libsrc/tft_v5_0/src"
make -C microblaze_0/libsrc/tft_v5_0/src -s include -e "SHELL=CMD" "COMPILER=mb-gcc" "ARCHIVER=mb-ar" "COMPILER_FLAGS= -O2 -c -mcpu=v9.3 -mlittle-endian -mxl-soft-mul" "EXTRA_COMPILER_FLAGS=-g -ffunction-sections -fdata-sections"
"Running Make include in microblaze_0/libsrc/uartlite_v3_0/src"
make -C microblaze_0/libsrc/uartlite_v3_0/src -s include -e "SHELL=CMD" "COMPILER=mb-gcc" "ARCHIVER=mb-ar" "COMPILER_FLAGS= -O2 -c -mcpu=v9.3 -mlittle-endian -mxl-soft-mul" "EXTRA_COMPILER_FLAGS=-g -ffunction-sections -fdata-sections"
"Running Make libs in microblaze_0/libsrc/bram_v4_0/src"
make -C microblaze_0/libsrc/bram_v4_0/src -s libs -e "SHELL=CMD" "COMPILER=mb-gcc" "ARCHIVER=mb-ar" "COMPILER_FLAGS= -O2 -c -mcpu=v9.3 -mlittle-endian -mxl-soft-mul" "EXTRA_COMPILER_FLAGS=-g -ffunction-sections -fdata-sections"
"Compiling bram"
make[2]: Entering directory `C:/Users/Daniel/Documents/Uoft_hw/ECE532/PaintWithVision2/PaintWithVision2.sdk/SDK/SDK_Export/test_bsp/microblaze_0/libsrc/bram_v4_0/src'
rm -rf *.o 
make[2]: Leaving directory `C:/Users/Daniel/Documents/Uoft_hw/ECE532/PaintWithVision2/PaintWithVision2.sdk/SDK/SDK_Export/test_bsp/microblaze_0/libsrc/bram_v4_0/src'
"Running Make libs in microblaze_0/libsrc/cpu_v2_0/src"
make -C microblaze_0/libsrc/cpu_v2_0/src -s libs -e "SHELL=CMD" "COMPILER=mb-gcc" "ARCHIVER=mb-ar" "COMPILER_FLAGS= -O2 -c -mcpu=v9.3 -mlittle-endian -mxl-soft-mul" "EXTRA_COMPILER_FLAGS=-g -ffunction-sections -fdata-sections"
"Compiling cpu"
make[2]: Entering directory `C:/Users/Daniel/Documents/Uoft_hw/ECE532/PaintWithVision2/PaintWithVision2.sdk/SDK/SDK_Export/test_bsp/microblaze_0/libsrc/cpu_v2_0/src'
rm -rf *.o
make[2]: Leaving directory `C:/Users/Daniel/Documents/Uoft_hw/ECE532/PaintWithVision2/PaintWithVision2.sdk/SDK/SDK_Export/test_bsp/microblaze_0/libsrc/cpu_v2_0/src'
"Running Make libs in microblaze_0/libsrc/standalone_v4_0/src"
make -C microblaze_0/libsrc/standalone_v4_0/src -s libs -e "SHELL=CMD" "COMPILER=mb-gcc" "ARCHIVER=mb-ar" "COMPILER_FLAGS= -O2 -c -mcpu=v9.3 -mlittle-endian -mxl-soft-mul" "EXTRA_COMPILER_FLAGS=-g -ffunction-sections -fdata-sections"
"Compiling standalone";
"Running Make libs in microblaze_0/libsrc/tft_v5_0/src"
make -C microblaze_0/libsrc/tft_v5_0/src -s libs -e "SHELL=CMD" "COMPILER=mb-gcc" "ARCHIVER=mb-ar" "COMPILER_FLAGS= -O2 -c -mcpu=v9.3 -mlittle-endian -mxl-soft-mul" "EXTRA_COMPILER_FLAGS=-g -ffunction-sections -fdata-sections"
"Compiling tft"
make[2]: Entering directory `C:/Users/Daniel/Documents/Uoft_hw/ECE532/PaintWithVision2/PaintWithVision2.sdk/SDK/SDK_Export/test_bsp/microblaze_0/libsrc/tft_v5_0/src'
rm -rf *.o
make[2]: Leaving directory `C:/Users/Daniel/Documents/Uoft_hw/ECE532/PaintWithVision2/PaintWithVision2.sdk/SDK/SDK_Export/test_bsp/microblaze_0/libsrc/tft_v5_0/src'
"Running Make libs in microblaze_0/libsrc/uartlite_v3_0/src"
make -C microblaze_0/libsrc/uartlite_v3_0/src -s libs -e "SHELL=CMD" "COMPILER=mb-gcc" "ARCHIVER=mb-ar" "COMPILER_FLAGS= -O2 -c -mcpu=v9.3 -mlittle-endian -mxl-soft-mul" "EXTRA_COMPILER_FLAGS=-g -ffunction-sections -fdata-sections"
"Compiling uartlite"
make[2]: Entering directory `C:/Users/Daniel/Documents/Uoft_hw/ECE532/PaintWithVision2/PaintWithVision2.sdk/SDK/SDK_Export/test_bsp/microblaze_0/libsrc/uartlite_v3_0/src'
rm -rf *.o 
make[2]: Leaving directory `C:/Users/Daniel/Documents/Uoft_hw/ECE532/PaintWithVision2/PaintWithVision2.sdk/SDK/SDK_Export/test_bsp/microblaze_0/libsrc/uartlite_v3_0/src'
'Finished building libraries'
13:38:33 **** Build of configuration Debug for project test ****
make all 
'Building file: ../src/testperiph.c'
'Invoking: MicroBlaze gcc compiler'
mb-gcc -Wall -O0 -g3 -c -fmessage-length=0 -I../../test_bsp/microblaze_0/include -mlittle-endian -mcpu=v9.3 -mxl-soft-mul -Wl,--no-relax -ffunction-sections -fdata-sections -MMD -MP -MF"src/testperiph.d" -MT"src/testperiph.d" -o "src/testperiph.o" "../src/testperiph.c"
'Finished building: ../src/testperiph.c'
' '
'Building target: test.elf'
'Invoking: MicroBlaze gcc linker'
mb-gcc -Wl,-T -Wl,../src/lscript.ld -L../../test_bsp/microblaze_0/lib -mlittle-endian -mcpu=v9.3 -mxl-soft-mul -Wl,--no-relax -Wl,--gc-sections -o "test.elf"  ./src/testperiph.o   -Wl,--start-group,-lxil,-lgcc,-lc,--end-group
'Finished building target: test.elf'
' '
'Invoking: MicroBlaze Print Size'
mb-size test.elf  |tee "test.elf.size"
   text	   data	    bss	    dec	    hex	filename
   2564	    268	   2084	   4916	   1334	test.elf
'Finished building: test.elf.size'
' '
13:39:02 **** Incremental Build of configuration Debug for project PaintWithVision_code ****
make all 
make: Nothing to be done for `all'.
13:39:03 **** Incremental Build of configuration Debug for project DanDaMan ****
make all 
make: Nothing to be done for `all'.
13:39:04 **** Incremental Build of configuration Debug for project test ****
make all 
make: Nothing to be done for `all'.
13:40:09 **** Incremental Build of configuration Debug for project PaintWithVision_code ****
make all 
make: Nothing to be done for `all'.
13:40:10 **** Incremental Build of configuration Debug for project DanDaMan ****
make all 
make: Nothing to be done for `all'.
13:40:10 **** Incremental Build of configuration Debug for project test ****
make all 
make: Nothing to be done for `all'.
13:41:03 **** Auto Build of configuration Debug for project PaintWithVision_code ****
make all 
'Building file: ../src/helloworld.c'
'Invoking: MicroBlaze gcc compiler'
mb-gcc -Wall -O0 -g3 -c -fmessage-length=0 -I../../PaintWithVision_code_bsp/microblaze_0/include -mlittle-endian -mcpu=v9.3 -mxl-soft-mul -Wl,--no-relax -ffunction-sections -fdata-sections -MMD -MP -MF"src/helloworld.d" -MT"src/helloworld.d" -o "src/helloworld.o" "../src/helloworld.c"
../src/helloworld.c: In function 'main':
../src/helloworld.c:41:7: warning: unused variable 'status' [-Wunused-variable]
   int status = XTft_CfgInitialize(&TftInstance, tft, tft->BaseAddress);
       ^
'Finished building: ../src/helloworld.c'
' '
'Building target: PaintWithVision_code.elf'
'Invoking: MicroBlaze gcc linker'
mb-gcc -Wl,-T -Wl,../src/lscript.ld -L../../PaintWithVision_code_bsp/microblaze_0/lib -mlittle-endian -mcpu=v9.3 -mxl-soft-mul -Wl,--no-relax -Wl,--gc-sections -o "PaintWithVision_code.elf"  ./src/helloworld.o ./src/platform.o   -Wl,--start-group,-lxil,-lgcc,-lc,--end-group
'Finished building target: PaintWithVision_code.elf'
' '
'Invoking: MicroBlaze Print Size'
mb-size PaintWithVision_code.elf  |tee "PaintWithVision_code.elf.size"
   text	   data	    bss	    dec	    hex	filename
   7220	    292	   2124	   9636	   25a4	PaintWithVision_code.elf
'Finished building: PaintWithVision_code.elf.size'
' '
13:41:09 **** Incremental Build of configuration Debug for project PaintWithVision_code ****
make all 
make: Nothing to be done for `all'.
13:41:09 **** Incremental Build of configuration Debug for project DanDaMan ****
make all 
make: Nothing to be done for `all'.
13:42:41 **** Auto Build of configuration Debug for project PaintWithVision_code ****
make all 
'Building file: ../src/helloworld.c'
'Invoking: MicroBlaze gcc compiler'
mb-gcc -Wall -O0 -g3 -c -fmessage-length=0 -I../../PaintWithVision_code_bsp/microblaze_0/include -mlittle-endian -mcpu=v9.3 -mxl-soft-mul -Wl,--no-relax -ffunction-sections -fdata-sections -MMD -MP -MF"src/helloworld.d" -MT"src/helloworld.d" -o "src/helloworld.o" "../src/helloworld.c"
../src/helloworld.c: In function 'main':
../src/helloworld.c:41:7: warning: unused variable 'status' [-Wunused-variable]
   int status = XTft_CfgInitialize(&TftInstance, tft, tft->BaseAddress);
       ^
'Finished building: ../src/helloworld.c'
' '
'Building target: PaintWithVision_code.elf'
'Invoking: MicroBlaze gcc linker'
mb-gcc -Wl,-T -Wl,../src/lscript.ld -L../../PaintWithVision_code_bsp/microblaze_0/lib -mlittle-endian -mcpu=v9.3 -mxl-soft-mul -Wl,--no-relax -Wl,--gc-sections -o "PaintWithVision_code.elf"  ./src/helloworld.o ./src/platform.o   -Wl,--start-group,-lxil,-lgcc,-lc,--end-group
'Finished building target: PaintWithVision_code.elf'
' '
'Invoking: MicroBlaze Print Size'
mb-size PaintWithVision_code.elf  |tee "PaintWithVision_code.elf.size"
   text	   data	    bss	    dec	    hex	filename
   7004	    292	   2124	   9420	   24cc	PaintWithVision_code.elf
'Finished building: PaintWithVision_code.elf.size'
' '
13:42:43 **** Incremental Build of configuration Debug for project PaintWithVision_code ****
make all 
make: Nothing to be done for `all'.
13:42:44 **** Incremental Build of configuration Debug for project DanDaMan ****
make all 
make: Nothing to be done for `all'.
13:44:36 **** Auto Build of configuration Debug for project PaintWithVision_code ****
make all 
'Building file: ../src/helloworld.c'
'Invoking: MicroBlaze gcc compiler'
mb-gcc -Wall -O0 -g3 -c -fmessage-length=0 -I../../PaintWithVision_code_bsp/microblaze_0/include -mlittle-endian -mcpu=v9.3 -mxl-soft-mul -Wl,--no-relax -ffunction-sections -fdata-sections -MMD -MP -MF"src/helloworld.d" -MT"src/helloworld.d" -o "src/helloworld.o" "../src/helloworld.c"
../src/helloworld.c: In function 'main':
../src/helloworld.c:41:7: warning: unused variable 'status' [-Wunused-variable]
   int status = XTft_CfgInitialize(&TftInstance, tft, tft->BaseAddress);
       ^
'Finished building: ../src/helloworld.c'
' '
'Building target: PaintWithVision_code.elf'
'Invoking: MicroBlaze gcc linker'
mb-gcc -Wl,-T -Wl,../src/lscript.ld -L../../PaintWithVision_code_bsp/microblaze_0/lib -mlittle-endian -mcpu=v9.3 -mxl-soft-mul -Wl,--no-relax -Wl,--gc-sections -o "PaintWithVision_code.elf"  ./src/helloworld.o ./src/platform.o   -Wl,--start-group,-lxil,-lgcc,-lc,--end-group
'Finished building target: PaintWithVision_code.elf'
' '
'Invoking: MicroBlaze Print Size'
mb-size PaintWithVision_code.elf  |tee "PaintWithVision_code.elf.size"
   text	   data	    bss	    dec	    hex	filename
   7220	    292	   2124	   9636	   25a4	PaintWithVision_code.elf
'Finished building: PaintWithVision_code.elf.size'
' '
13:44:39 **** Incremental Build of configuration Debug for project PaintWithVision_code ****
make all 
make: Nothing to be done for `all'.
13:44:39 **** Incremental Build of configuration Debug for project DanDaMan ****
make all 
make: Nothing to be done for `all'.
13:49:02 **** Auto Build of configuration Debug for project PaintWithVision_code ****
make all 
'Building file: ../src/helloworld.c'
'Invoking: MicroBlaze gcc compiler'
mb-gcc -Wall -O0 -g3 -c -fmessage-length=0 -I../../PaintWithVision_code_bsp/microblaze_0/include -mlittle-endian -mcpu=v9.3 -mxl-soft-mul -Wl,--no-relax -ffunction-sections -fdata-sections -MMD -MP -MF"src/helloworld.d" -MT"src/helloworld.d" -o "src/helloworld.o" "../src/helloworld.c"
../src/helloworld.c: In function 'main':
../src/helloworld.c:42:7: warning: unused variable 'status' [-Wunused-variable]
   int status = XTft_CfgInitialize(&TftInstance, tft, tft->BaseAddress);
       ^
'Finished building: ../src/helloworld.c'
' '
'Building target: PaintWithVision_code.elf'
'Invoking: MicroBlaze gcc linker'
mb-gcc -Wl,-T -Wl,../src/lscript.ld -L../../PaintWithVision_code_bsp/microblaze_0/lib -mlittle-endian -mcpu=v9.3 -mxl-soft-mul -Wl,--no-relax -Wl,--gc-sections -o "PaintWithVision_code.elf"  ./src/helloworld.o ./src/platform.o   -Wl,--start-group,-lxil,-lgcc,-lc,--end-group
'Finished building target: PaintWithVision_code.elf'
' '
'Invoking: MicroBlaze Print Size'
mb-size PaintWithVision_code.elf  |tee "PaintWithVision_code.elf.size"
   text	   data	    bss	    dec	    hex	filename
   7168	    292	   2124	   9584	   2570	PaintWithVision_code.elf
'Finished building: PaintWithVision_code.elf.size'
' '
13:49:04 **** Incremental Build of configuration Debug for project PaintWithVision_code ****
make all 
make: Nothing to be done for `all'.
13:49:05 **** Incremental Build of configuration Debug for project DanDaMan ****
make all 
make: Nothing to be done for `all'.
13:50:01 **** Auto Build of configuration Debug for project PaintWithVision_code ****
make all 
'Building file: ../src/helloworld.c'
'Invoking: MicroBlaze gcc compiler'
mb-gcc -Wall -O0 -g3 -c -fmessage-length=0 -I../../PaintWithVision_code_bsp/microblaze_0/include -mlittle-endian -mcpu=v9.3 -mxl-soft-mul -Wl,--no-relax -ffunction-sections -fdata-sections -MMD -MP -MF"src/helloworld.d" -MT"src/helloworld.d" -o "src/helloworld.o" "../src/helloworld.c"
../src/helloworld.c: In function 'main':
../src/helloworld.c:42:7: warning: unused variable 'status' [-Wunused-variable]
   int status = XTft_CfgInitialize(&TftInstance, tft, tft->BaseAddress);
       ^
'Finished building: ../src/helloworld.c'
' '
'Building target: PaintWithVision_code.elf'
'Invoking: MicroBlaze gcc linker'
mb-gcc -Wl,-T -Wl,../src/lscript.ld -L../../PaintWithVision_code_bsp/microblaze_0/lib -mlittle-endian -mcpu=v9.3 -mxl-soft-mul -Wl,--no-relax -Wl,--gc-sections -o "PaintWithVision_code.elf"  ./src/helloworld.o ./src/platform.o   -Wl,--start-group,-lxil,-lgcc,-lc,--end-group
'Finished building target: PaintWithVision_code.elf'
' '
'Invoking: MicroBlaze Print Size'
mb-size PaintWithVision_code.elf  |tee "PaintWithVision_code.elf.size"
   text	   data	    bss	    dec	    hex	filename
   7164	    292	   2124	   9580	   256c	PaintWithVision_code.elf
'Finished building: PaintWithVision_code.elf.size'
' '
13:50:03 **** Incremental Build of configuration Debug for project PaintWithVision_code ****
make all 
make: Nothing to be done for `all'.
13:50:04 **** Incremental Build of configuration Debug for project DanDaMan ****
make all 
make: Nothing to be done for `all'.
13:50:36 **** Auto Build of configuration Debug for project PaintWithVision_code ****
make all 
'Building file: ../src/helloworld.c'
'Invoking: MicroBlaze gcc compiler'
mb-gcc -Wall -O0 -g3 -c -fmessage-length=0 -I../../PaintWithVision_code_bsp/microblaze_0/include -mlittle-endian -mcpu=v9.3 -mxl-soft-mul -Wl,--no-relax -ffunction-sections -fdata-sections -MMD -MP -MF"src/helloworld.d" -MT"src/helloworld.d" -o "src/helloworld.o" "../src/helloworld.c"
../src/helloworld.c: In function 'main':
../src/helloworld.c:45:3: warning: passing argument 1 of 'print' makes pointer from integer without a cast [enabled by default]
   print (*bram);
   ^
In file included from c:\xilinx\sdk\2014.1\gnu\microblaze\nt\microblaze-xilinx-elf\include\stdio.h:29:0,
                 from ../src/helloworld.c:8:
c:\xilinx\sdk\2014.1\gnu\microblaze\nt\microblaze-xilinx-elf\include\stdio.h:223:9: note: expected 'char *' but argument is of type 'unsigned int'
 void    _EXFUN(print, (char* ));
         ^
../src/helloworld.c:42:7: warning: unused variable 'status' [-Wunused-variable]
   int status = XTft_CfgInitialize(&TftInstance, tft, tft->BaseAddress);
       ^
'Finished building: ../src/helloworld.c'
' '
'Building target: PaintWithVision_code.elf'
'Invoking: MicroBlaze gcc linker'
mb-gcc -Wl,-T -Wl,../src/lscript.ld -L../../PaintWithVision_code_bsp/microblaze_0/lib -mlittle-endian -mcpu=v9.3 -mxl-soft-mul -Wl,--no-relax -Wl,--gc-sections -o "PaintWithVision_code.elf"  ./src/helloworld.o ./src/platform.o   -Wl,--start-group,-lxil,-lgcc,-lc,--end-group
'Finished building target: PaintWithVision_code.elf'
' '
'Invoking: MicroBlaze Print Size'
mb-size PaintWithVision_code.elf  |tee "PaintWithVision_code.elf.size"
   text	   data	    bss	    dec	    hex	filename
   7264	    292	   2124	   9680	   25d0	PaintWithVision_code.elf
'Finished building: PaintWithVision_code.elf.size'
' '
13:50:38 **** Incremental Build of configuration Debug for project PaintWithVision_code ****
make all 
make: Nothing to be done for `all'.
13:50:39 **** Incremental Build of configuration Debug for project DanDaMan ****
make all 
make: Nothing to be done for `all'.
13:51:02 **** Incremental Build of configuration Debug for project PaintWithVision_code ****
make all 
make: Nothing to be done for `all'.
13:51:04 **** Incremental Build of configuration Debug for project DanDaMan ****
make all 
make: Nothing to be done for `all'.
13:51:38 **** Auto Build of configuration Debug for project PaintWithVision_code ****
make all 
'Building file: ../src/helloworld.c'
'Invoking: MicroBlaze gcc compiler'
mb-gcc -Wall -O0 -g3 -c -fmessage-length=0 -I../../PaintWithVision_code_bsp/microblaze_0/include -mlittle-endian -mcpu=v9.3 -mxl-soft-mul -Wl,--no-relax -ffunction-sections -fdata-sections -MMD -MP -MF"src/helloworld.d" -MT"src/helloworld.d" -o "src/helloworld.o" "../src/helloworld.c"
../src/helloworld.c: In function 'main':
../src/helloworld.c:42:7: warning: unused variable 'status' [-Wunused-variable]
   int status = XTft_CfgInitialize(&TftInstance, tft, tft->BaseAddress);
       ^
'Finished building: ../src/helloworld.c'
' '
'Building target: PaintWithVision_code.elf'
'Invoking: MicroBlaze gcc linker'
mb-gcc -Wl,-T -Wl,../src/lscript.ld -L../../PaintWithVision_code_bsp/microblaze_0/lib -mlittle-endian -mcpu=v9.3 -mxl-soft-mul -Wl,--no-relax -Wl,--gc-sections -o "PaintWithVision_code.elf"  ./src/helloworld.o ./src/platform.o   -Wl,--start-group,-lxil,-lgcc,-lc,--end-group
'Finished building target: PaintWithVision_code.elf'
' '
'Invoking: MicroBlaze Print Size'
mb-size PaintWithVision_code.elf  |tee "PaintWithVision_code.elf.size"
   text	   data	    bss	    dec	    hex	filename
   7264	    292	   2124	   9680	   25d0	PaintWithVision_code.elf
'Finished building: PaintWithVision_code.elf.size'
' '
13:51:41 **** Incremental Build of configuration Debug for project PaintWithVision_code ****
make all 
make: Nothing to be done for `all'.
13:51:42 **** Incremental Build of configuration Debug for project DanDaMan ****
make all 
make: Nothing to be done for `all'.
13:56:17 **** Auto Build of project PaintWithVision_code_bsp ****
make -k all 
"Running Make include in microblaze_0/libsrc/bram_v4_0/src"
make -C microblaze_0/libsrc/bram_v4_0/src -s include -e "SHELL=CMD" "COMPILER=mb-gcc" "ARCHIVER=mb-ar" "COMPILER_FLAGS= -O2 -c -mcpu=v9.3 -mlittle-endian -mxl-soft-mul" "EXTRA_COMPILER_FLAGS=-g -ffunction-sections -fdata-sections"
"Running Make include in microblaze_0/libsrc/cpu_v2_0/src"
make -C microblaze_0/libsrc/cpu_v2_0/src -s include -e "SHELL=CMD" "COMPILER=mb-gcc" "ARCHIVER=mb-ar" "COMPILER_FLAGS= -O2 -c -mcpu=v9.3 -mlittle-endian -mxl-soft-mul" "EXTRA_COMPILER_FLAGS=-g -ffunction-sections -fdata-sections"
"Running Make include in microblaze_0/libsrc/standalone_v4_0/src"
make -C microblaze_0/libsrc/standalone_v4_0/src -s include -e "SHELL=CMD" "COMPILER=mb-gcc" "ARCHIVER=mb-ar" "COMPILER_FLAGS= -O2 -c -mcpu=v9.3 -mlittle-endian -mxl-soft-mul" "EXTRA_COMPILER_FLAGS=-g -ffunction-sections -fdata-sections"
make[2]: Entering directory `C:/Users/Daniel/Documents/Uoft_hw/ECE532/PaintWithVision2/PaintWithVision2.sdk/SDK/SDK_Export/PaintWithVision_code_bsp/microblaze_0/libsrc/standalone_v4_0/src/profile'
cp -rf profile.h mblaze_nt_types.h _profile_timer_hw.h ../../../../include
make[2]: Leaving directory `C:/Users/Daniel/Documents/Uoft_hw/ECE532/PaintWithVision2/PaintWithVision2.sdk/SDK/SDK_Export/PaintWithVision_code_bsp/microblaze_0/libsrc/standalone_v4_0/src/profile'
"Running Make include in microblaze_0/libsrc/tft_v5_0/src"
make -C microblaze_0/libsrc/tft_v5_0/src -s include -e "SHELL=CMD" "COMPILER=mb-gcc" "ARCHIVER=mb-ar" "COMPILER_FLAGS= -O2 -c -mcpu=v9.3 -mlittle-endian -mxl-soft-mul" "EXTRA_COMPILER_FLAGS=-g -ffunction-sections -fdata-sections"
"Running Make include in microblaze_0/libsrc/uartlite_v3_0/src"
make -C microblaze_0/libsrc/uartlite_v3_0/src -s include -e "SHELL=CMD" "COMPILER=mb-gcc" "ARCHIVER=mb-ar" "COMPILER_FLAGS= -O2 -c -mcpu=v9.3 -mlittle-endian -mxl-soft-mul" "EXTRA_COMPILER_FLAGS=-g -ffunction-sections -fdata-sections"
"Running Make libs in microblaze_0/libsrc/bram_v4_0/src"
make -C microblaze_0/libsrc/bram_v4_0/src -s libs -e "SHELL=CMD" "COMPILER=mb-gcc" "ARCHIVER=mb-ar" "COMPILER_FLAGS= -O2 -c -mcpu=v9.3 -mlittle-endian -mxl-soft-mul" "EXTRA_COMPILER_FLAGS=-g -ffunction-sections -fdata-sections"
"Compiling bram"
make[2]: Entering directory `C:/Users/Daniel/Documents/Uoft_hw/ECE532/PaintWithVision2/PaintWithVision2.sdk/SDK/SDK_Export/PaintWithVision_code_bsp/microblaze_0/libsrc/bram_v4_0/src'
rm -rf *.o 
make[2]: Leaving directory `C:/Users/Daniel/Documents/Uoft_hw/ECE532/PaintWithVision2/PaintWithVision2.sdk/SDK/SDK_Export/PaintWithVision_code_bsp/microblaze_0/libsrc/bram_v4_0/src'
"Running Make libs in microblaze_0/libsrc/cpu_v2_0/src"
make -C microblaze_0/libsrc/cpu_v2_0/src -s libs -e "SHELL=CMD" "COMPILER=mb-gcc" "ARCHIVER=mb-ar" "COMPILER_FLAGS= -O2 -c -mcpu=v9.3 -mlittle-endian -mxl-soft-mul" "EXTRA_COMPILER_FLAGS=-g -ffunction-sections -fdata-sections"
"Compiling cpu"
make[2]: Entering directory `C:/Users/Daniel/Documents/Uoft_hw/ECE532/PaintWithVision2/PaintWithVision2.sdk/SDK/SDK_Export/PaintWithVision_code_bsp/microblaze_0/libsrc/cpu_v2_0/src'
rm -rf *.o
make[2]: Leaving directory `C:/Users/Daniel/Documents/Uoft_hw/ECE532/PaintWithVision2/PaintWithVision2.sdk/SDK/SDK_Export/PaintWithVision_code_bsp/microblaze_0/libsrc/cpu_v2_0/src'
"Running Make libs in microblaze_0/libsrc/standalone_v4_0/src"
make -C microblaze_0/libsrc/standalone_v4_0/src -s libs -e "SHELL=CMD" "COMPILER=mb-gcc" "ARCHIVER=mb-ar" "COMPILER_FLAGS= -O2 -c -mcpu=v9.3 -mlittle-endian -mxl-soft-mul" "EXTRA_COMPILER_FLAGS=-g -ffunction-sections -fdata-sections"
"Compiling standalone";
"Running Make libs in microblaze_0/libsrc/tft_v5_0/src"
make -C microblaze_0/libsrc/tft_v5_0/src -s libs -e "SHELL=CMD" "COMPILER=mb-gcc" "ARCHIVER=mb-ar" "COMPILER_FLAGS= -O2 -c -mcpu=v9.3 -mlittle-endian -mxl-soft-mul" "EXTRA_COMPILER_FLAGS=-g -ffunction-sections -fdata-sections"
"Compiling tft"
make[2]: Entering directory `C:/Users/Daniel/Documents/Uoft_hw/ECE532/PaintWithVision2/PaintWithVision2.sdk/SDK/SDK_Export/PaintWithVision_code_bsp/microblaze_0/libsrc/tft_v5_0/src'
rm -rf *.o
make[2]: Leaving directory `C:/Users/Daniel/Documents/Uoft_hw/ECE532/PaintWithVision2/PaintWithVision2.sdk/SDK/SDK_Export/PaintWithVision_code_bsp/microblaze_0/libsrc/tft_v5_0/src'
"Running Make libs in microblaze_0/libsrc/uartlite_v3_0/src"
make -C microblaze_0/libsrc/uartlite_v3_0/src -s libs -e "SHELL=CMD" "COMPILER=mb-gcc" "ARCHIVER=mb-ar" "COMPILER_FLAGS= -O2 -c -mcpu=v9.3 -mlittle-endian -mxl-soft-mul" "EXTRA_COMPILER_FLAGS=-g -ffunction-sections -fdata-sections"
"Compiling uartlite"
make[2]: Entering directory `C:/Users/Daniel/Documents/Uoft_hw/ECE532/PaintWithVision2/PaintWithVision2.sdk/SDK/SDK_Export/PaintWithVision_code_bsp/microblaze_0/libsrc/uartlite_v3_0/src'
rm -rf *.o 
make[2]: Leaving directory `C:/Users/Daniel/Documents/Uoft_hw/ECE532/PaintWithVision2/PaintWithVision2.sdk/SDK/SDK_Export/PaintWithVision_code_bsp/microblaze_0/libsrc/uartlite_v3_0/src'
'Finished building libraries'
13:56:37 **** Auto Build of project PaintWithVision_code_bsp ****
make -k all 
"Running Make include in microblaze_0/libsrc/bram_v4_0/src"
make -C microblaze_0/libsrc/bram_v4_0/src -s include -e "SHELL=CMD" "COMPILER=mb-gcc" "ARCHIVER=mb-ar" "COMPILER_FLAGS= -O2 -c -mcpu=v9.3 -mlittle-endian -mxl-soft-mul" "EXTRA_COMPILER_FLAGS=-g -ffunction-sections -fdata-sections"
"Running Make include in microblaze_0/libsrc/cpu_v2_0/src"
make -C microblaze_0/libsrc/cpu_v2_0/src -s include -e "SHELL=CMD" "COMPILER=mb-gcc" "ARCHIVER=mb-ar" "COMPILER_FLAGS= -O2 -c -mcpu=v9.3 -mlittle-endian -mxl-soft-mul" "EXTRA_COMPILER_FLAGS=-g -ffunction-sections -fdata-sections"
"Running Make include in microblaze_0/libsrc/standalone_v4_0/src"
make -C microblaze_0/libsrc/standalone_v4_0/src -s include -e "SHELL=CMD" "COMPILER=mb-gcc" "ARCHIVER=mb-ar" "COMPILER_FLAGS= -O2 -c -mcpu=v9.3 -mlittle-endian -mxl-soft-mul" "EXTRA_COMPILER_FLAGS=-g -ffunction-sections -fdata-sections"
make[2]: Entering directory `C:/Users/Daniel/Documents/Uoft_hw/ECE532/PaintWithVision2/PaintWithVision2.sdk/SDK/SDK_Export/PaintWithVision_code_bsp/microblaze_0/libsrc/standalone_v4_0/src/profile'
cp -rf profile.h mblaze_nt_types.h _profile_timer_hw.h ../../../../include
make[2]: Leaving directory `C:/Users/Daniel/Documents/Uoft_hw/ECE532/PaintWithVision2/PaintWithVision2.sdk/SDK/SDK_Export/PaintWithVision_code_bsp/microblaze_0/libsrc/standalone_v4_0/src/profile'
"Running Make include in microblaze_0/libsrc/tft_v5_0/src"
make -C microblaze_0/libsrc/tft_v5_0/src -s include -e "SHELL=CMD" "COMPILER=mb-gcc" "ARCHIVER=mb-ar" "COMPILER_FLAGS= -O2 -c -mcpu=v9.3 -mlittle-endian -mxl-soft-mul" "EXTRA_COMPILER_FLAGS=-g -ffunction-sections -fdata-sections"
"Running Make include in microblaze_0/libsrc/uartlite_v3_0/src"
make -C microblaze_0/libsrc/uartlite_v3_0/src -s include -e "SHELL=CMD" "COMPILER=mb-gcc" "ARCHIVER=mb-ar" "COMPILER_FLAGS= -O2 -c -mcpu=v9.3 -mlittle-endian -mxl-soft-mul" "EXTRA_COMPILER_FLAGS=-g -ffunction-sections -fdata-sections"
"Running Make libs in microblaze_0/libsrc/bram_v4_0/src"
make -C microblaze_0/libsrc/bram_v4_0/src -s libs -e "SHELL=CMD" "COMPILER=mb-gcc" "ARCHIVER=mb-ar" "COMPILER_FLAGS= -O2 -c -mcpu=v9.3 -mlittle-endian -mxl-soft-mul" "EXTRA_COMPILER_FLAGS=-g -ffunction-sections -fdata-sections"
"Compiling bram"
make[2]: Entering directory `C:/Users/Daniel/Documents/Uoft_hw/ECE532/PaintWithVision2/PaintWithVision2.sdk/SDK/SDK_Export/PaintWithVision_code_bsp/microblaze_0/libsrc/bram_v4_0/src'
rm -rf *.o 
make[2]: Leaving directory `C:/Users/Daniel/Documents/Uoft_hw/ECE532/PaintWithVision2/PaintWithVision2.sdk/SDK/SDK_Export/PaintWithVision_code_bsp/microblaze_0/libsrc/bram_v4_0/src'
"Running Make libs in microblaze_0/libsrc/cpu_v2_0/src"
make -C microblaze_0/libsrc/cpu_v2_0/src -s libs -e "SHELL=CMD" "COMPILER=mb-gcc" "ARCHIVER=mb-ar" "COMPILER_FLAGS= -O2 -c -mcpu=v9.3 -mlittle-endian -mxl-soft-mul" "EXTRA_COMPILER_FLAGS=-g -ffunction-sections -fdata-sections"
"Compiling cpu"
make[2]: Entering directory `C:/Users/Daniel/Documents/Uoft_hw/ECE532/PaintWithVision2/PaintWithVision2.sdk/SDK/SDK_Export/PaintWithVision_code_bsp/microblaze_0/libsrc/cpu_v2_0/src'
rm -rf *.o
make[2]: Leaving directory `C:/Users/Daniel/Documents/Uoft_hw/ECE532/PaintWithVision2/PaintWithVision2.sdk/SDK/SDK_Export/PaintWithVision_code_bsp/microblaze_0/libsrc/cpu_v2_0/src'
"Running Make libs in microblaze_0/libsrc/standalone_v4_0/src"
make -C microblaze_0/libsrc/standalone_v4_0/src -s libs -e "SHELL=CMD" "COMPILER=mb-gcc" "ARCHIVER=mb-ar" "COMPILER_FLAGS= -O2 -c -mcpu=v9.3 -mlittle-endian -mxl-soft-mul" "EXTRA_COMPILER_FLAGS=-g -ffunction-sections -fdata-sections"
"Compiling standalone";
"Running Make libs in microblaze_0/libsrc/tft_v5_0/src"
make -C microblaze_0/libsrc/tft_v5_0/src -s libs -e "SHELL=CMD" "COMPILER=mb-gcc" "ARCHIVER=mb-ar" "COMPILER_FLAGS= -O2 -c -mcpu=v9.3 -mlittle-endian -mxl-soft-mul" "EXTRA_COMPILER_FLAGS=-g -ffunction-sections -fdata-sections"
"Compiling tft"
make[2]: Entering directory `C:/Users/Daniel/Documents/Uoft_hw/ECE532/PaintWithVision2/PaintWithVision2.sdk/SDK/SDK_Export/PaintWithVision_code_bsp/microblaze_0/libsrc/tft_v5_0/src'
rm -rf *.o
make[2]: Leaving directory `C:/Users/Daniel/Documents/Uoft_hw/ECE532/PaintWithVision2/PaintWithVision2.sdk/SDK/SDK_Export/PaintWithVision_code_bsp/microblaze_0/libsrc/tft_v5_0/src'
"Running Make libs in microblaze_0/libsrc/uartlite_v3_0/src"
make -C microblaze_0/libsrc/uartlite_v3_0/src -s libs -e "SHELL=CMD" "COMPILER=mb-gcc" "ARCHIVER=mb-ar" "COMPILER_FLAGS= -O2 -c -mcpu=v9.3 -mlittle-endian -mxl-soft-mul" "EXTRA_COMPILER_FLAGS=-g -ffunction-sections -fdata-sections"
"Compiling uartlite"
make[2]: Entering directory `C:/Users/Daniel/Documents/Uoft_hw/ECE532/PaintWithVision2/PaintWithVision2.sdk/SDK/SDK_Export/PaintWithVision_code_bsp/microblaze_0/libsrc/uartlite_v3_0/src'
rm -rf *.o 
make[2]: Leaving directory `C:/Users/Daniel/Documents/Uoft_hw/ECE532/PaintWithVision2/PaintWithVision2.sdk/SDK/SDK_Export/PaintWithVision_code_bsp/microblaze_0/libsrc/uartlite_v3_0/src'
'Finished building libraries'
13:56:48 **** Auto Build of configuration Debug for project PaintWithVision_code ****
make all 
make: Nothing to be done for `all'.
13:56:48 **** Auto Build of project DanDaMan_bsp ****
make -k all 
"Running Make include in microblaze_0/libsrc/bram_v4_0/src"
make -C microblaze_0/libsrc/bram_v4_0/src -s include -e "SHELL=CMD" "COMPILER=mb-gcc" "ARCHIVER=mb-ar" "COMPILER_FLAGS= -O2 -c -mcpu=v9.3 -mlittle-endian -mxl-soft-mul" "EXTRA_COMPILER_FLAGS=-g -ffunction-sections -fdata-sections"
"Running Make include in microblaze_0/libsrc/cpu_v2_0/src"
make -C microblaze_0/libsrc/cpu_v2_0/src -s include -e "SHELL=CMD" "COMPILER=mb-gcc" "ARCHIVER=mb-ar" "COMPILER_FLAGS= -O2 -c -mcpu=v9.3 -mlittle-endian -mxl-soft-mul" "EXTRA_COMPILER_FLAGS=-g -ffunction-sections -fdata-sections"
"Running Make include in microblaze_0/libsrc/standalone_v4_0/src"
make -C microblaze_0/libsrc/standalone_v4_0/src -s include -e "SHELL=CMD" "COMPILER=mb-gcc" "ARCHIVER=mb-ar" "COMPILER_FLAGS= -O2 -c -mcpu=v9.3 -mlittle-endian -mxl-soft-mul" "EXTRA_COMPILER_FLAGS=-g -ffunction-sections -fdata-sections"
make[2]: Entering directory `C:/Users/Daniel/Documents/Uoft_hw/ECE532/PaintWithVision2/PaintWithVision2.sdk/SDK/SDK_Export/DanDaMan_bsp/microblaze_0/libsrc/standalone_v4_0/src/profile'
cp -rf profile.h mblaze_nt_types.h _profile_timer_hw.h ../../../../include
make[2]: Leaving directory `C:/Users/Daniel/Documents/Uoft_hw/ECE532/PaintWithVision2/PaintWithVision2.sdk/SDK/SDK_Export/DanDaMan_bsp/microblaze_0/libsrc/standalone_v4_0/src/profile'
"Running Make include in microblaze_0/libsrc/uartlite_v3_0/src"
make -C microblaze_0/libsrc/uartlite_v3_0/src -s include -e "SHELL=CMD" "COMPILER=mb-gcc" "ARCHIVER=mb-ar" "COMPILER_FLAGS= -O2 -c -mcpu=v9.3 -mlittle-endian -mxl-soft-mul" "EXTRA_COMPILER_FLAGS=-g -ffunction-sections -fdata-sections"
"Running Make libs in microblaze_0/libsrc/bram_v4_0/src"
make -C microblaze_0/libsrc/bram_v4_0/src -s libs -e "SHELL=CMD" "COMPILER=mb-gcc" "ARCHIVER=mb-ar" "COMPILER_FLAGS= -O2 -c -mcpu=v9.3 -mlittle-endian -mxl-soft-mul" "EXTRA_COMPILER_FLAGS=-g -ffunction-sections -fdata-sections"
"Compiling bram"
make[2]: Entering directory `C:/Users/Daniel/Documents/Uoft_hw/ECE532/PaintWithVision2/PaintWithVision2.sdk/SDK/SDK_Export/DanDaMan_bsp/microblaze_0/libsrc/bram_v4_0/src'
rm -rf *.o 
make[2]: Leaving directory `C:/Users/Daniel/Documents/Uoft_hw/ECE532/PaintWithVision2/PaintWithVision2.sdk/SDK/SDK_Export/DanDaMan_bsp/microblaze_0/libsrc/bram_v4_0/src'
"Running Make libs in microblaze_0/libsrc/cpu_v2_0/src"
make -C microblaze_0/libsrc/cpu_v2_0/src -s libs -e "SHELL=CMD" "COMPILER=mb-gcc" "ARCHIVER=mb-ar" "COMPILER_FLAGS= -O2 -c -mcpu=v9.3 -mlittle-endian -mxl-soft-mul" "EXTRA_COMPILER_FLAGS=-g -ffunction-sections -fdata-sections"
"Compiling cpu"
make[2]: Entering directory `C:/Users/Daniel/Documents/Uoft_hw/ECE532/PaintWithVision2/PaintWithVision2.sdk/SDK/SDK_Export/DanDaMan_bsp/microblaze_0/libsrc/cpu_v2_0/src'
rm -rf *.o
make[2]: Leaving directory `C:/Users/Daniel/Documents/Uoft_hw/ECE532/PaintWithVision2/PaintWithVision2.sdk/SDK/SDK_Export/DanDaMan_bsp/microblaze_0/libsrc/cpu_v2_0/src'
"Running Make libs in microblaze_0/libsrc/standalone_v4_0/src"
make -C microblaze_0/libsrc/standalone_v4_0/src -s libs -e "SHELL=CMD" "COMPILER=mb-gcc" "ARCHIVER=mb-ar" "COMPILER_FLAGS= -O2 -c -mcpu=v9.3 -mlittle-endian -mxl-soft-mul" "EXTRA_COMPILER_FLAGS=-g -ffunction-sections -fdata-sections"
"Compiling standalone";
"Running Make libs in microblaze_0/libsrc/uartlite_v3_0/src"
make -C microblaze_0/libsrc/uartlite_v3_0/src -s libs -e "SHELL=CMD" "COMPILER=mb-gcc" "ARCHIVER=mb-ar" "COMPILER_FLAGS= -O2 -c -mcpu=v9.3 -mlittle-endian -mxl-soft-mul" "EXTRA_COMPILER_FLAGS=-g -ffunction-sections -fdata-sections"
"Compiling uartlite"
make[2]: Entering directory `C:/Users/Daniel/Documents/Uoft_hw/ECE532/PaintWithVision2/PaintWithVision2.sdk/SDK/SDK_Export/DanDaMan_bsp/microblaze_0/libsrc/uartlite_v3_0/src'
rm -rf *.o 
make[2]: Leaving directory `C:/Users/Daniel/Documents/Uoft_hw/ECE532/PaintWithVision2/PaintWithVision2.sdk/SDK/SDK_Export/DanDaMan_bsp/microblaze_0/libsrc/uartlite_v3_0/src'
'Finished building libraries'
13:56:59 **** Auto Build of configuration Debug for project DanDaMan ****
make all 
make: Nothing to be done for `all'.
13:57:02 **** Auto Build of project PaintWithVision_code_bsp ****
make -k all 
"Running Make include in microblaze_0/libsrc/bram_v4_0/src"
make -C microblaze_0/libsrc/bram_v4_0/src -s include -e "SHELL=CMD" "COMPILER=mb-gcc" "ARCHIVER=mb-ar" "COMPILER_FLAGS= -O2 -c -mcpu=v9.3 -mlittle-endian -mxl-soft-mul" "EXTRA_COMPILER_FLAGS=-g -ffunction-sections -fdata-sections"
"Running Make include in microblaze_0/libsrc/cpu_v2_0/src"
make -C microblaze_0/libsrc/cpu_v2_0/src -s include -e "SHELL=CMD" "COMPILER=mb-gcc" "ARCHIVER=mb-ar" "COMPILER_FLAGS= -O2 -c -mcpu=v9.3 -mlittle-endian -mxl-soft-mul" "EXTRA_COMPILER_FLAGS=-g -ffunction-sections -fdata-sections"
"Running Make include in microblaze_0/libsrc/standalone_v4_0/src"
make -C microblaze_0/libsrc/standalone_v4_0/src -s include -e "SHELL=CMD" "COMPILER=mb-gcc" "ARCHIVER=mb-ar" "COMPILER_FLAGS= -O2 -c -mcpu=v9.3 -mlittle-endian -mxl-soft-mul" "EXTRA_COMPILER_FLAGS=-g -ffunction-sections -fdata-sections"
make[2]: Entering directory `C:/Users/Daniel/Documents/Uoft_hw/ECE532/PaintWithVision2/PaintWithVision2.sdk/SDK/SDK_Export/PaintWithVision_code_bsp/microblaze_0/libsrc/standalone_v4_0/src/profile'
cp -rf profile.h mblaze_nt_types.h _profile_timer_hw.h ../../../../include
make[2]: Leaving directory `C:/Users/Daniel/Documents/Uoft_hw/ECE532/PaintWithVision2/PaintWithVision2.sdk/SDK/SDK_Export/PaintWithVision_code_bsp/microblaze_0/libsrc/standalone_v4_0/src/profile'
"Running Make include in microblaze_0/libsrc/tft_v5_0/src"
make -C microblaze_0/libsrc/tft_v5_0/src -s include -e "SHELL=CMD" "COMPILER=mb-gcc" "ARCHIVER=mb-ar" "COMPILER_FLAGS= -O2 -c -mcpu=v9.3 -mlittle-endian -mxl-soft-mul" "EXTRA_COMPILER_FLAGS=-g -ffunction-sections -fdata-sections"
"Running Make include in microblaze_0/libsrc/uartlite_v3_0/src"
make -C microblaze_0/libsrc/uartlite_v3_0/src -s include -e "SHELL=CMD" "COMPILER=mb-gcc" "ARCHIVER=mb-ar" "COMPILER_FLAGS= -O2 -c -mcpu=v9.3 -mlittle-endian -mxl-soft-mul" "EXTRA_COMPILER_FLAGS=-g -ffunction-sections -fdata-sections"
"Running Make libs in microblaze_0/libsrc/bram_v4_0/src"
make -C microblaze_0/libsrc/bram_v4_0/src -s libs -e "SHELL=CMD" "COMPILER=mb-gcc" "ARCHIVER=mb-ar" "COMPILER_FLAGS= -O2 -c -mcpu=v9.3 -mlittle-endian -mxl-soft-mul" "EXTRA_COMPILER_FLAGS=-g -ffunction-sections -fdata-sections"
"Compiling bram"
make[2]: Entering directory `C:/Users/Daniel/Documents/Uoft_hw/ECE532/PaintWithVision2/PaintWithVision2.sdk/SDK/SDK_Export/PaintWithVision_code_bsp/microblaze_0/libsrc/bram_v4_0/src'
rm -rf *.o 
make[2]: Leaving directory `C:/Users/Daniel/Documents/Uoft_hw/ECE532/PaintWithVision2/PaintWithVision2.sdk/SDK/SDK_Export/PaintWithVision_code_bsp/microblaze_0/libsrc/bram_v4_0/src'
"Running Make libs in microblaze_0/libsrc/cpu_v2_0/src"
make -C microblaze_0/libsrc/cpu_v2_0/src -s libs -e "SHELL=CMD" "COMPILER=mb-gcc" "ARCHIVER=mb-ar" "COMPILER_FLAGS= -O2 -c -mcpu=v9.3 -mlittle-endian -mxl-soft-mul" "EXTRA_COMPILER_FLAGS=-g -ffunction-sections -fdata-sections"
"Compiling cpu"
make[2]: Entering directory `C:/Users/Daniel/Documents/Uoft_hw/ECE532/PaintWithVision2/PaintWithVision2.sdk/SDK/SDK_Export/PaintWithVision_code_bsp/microblaze_0/libsrc/cpu_v2_0/src'
rm -rf *.o
make[2]: Leaving directory `C:/Users/Daniel/Documents/Uoft_hw/ECE532/PaintWithVision2/PaintWithVision2.sdk/SDK/SDK_Export/PaintWithVision_code_bsp/microblaze_0/libsrc/cpu_v2_0/src'
"Running Make libs in microblaze_0/libsrc/standalone_v4_0/src"
make -C microblaze_0/libsrc/standalone_v4_0/src -s libs -e "SHELL=CMD" "COMPILER=mb-gcc" "ARCHIVER=mb-ar" "COMPILER_FLAGS= -O2 -c -mcpu=v9.3 -mlittle-endian -mxl-soft-mul" "EXTRA_COMPILER_FLAGS=-g -ffunction-sections -fdata-sections"
"Compiling standalone";
"Running Make libs in microblaze_0/libsrc/tft_v5_0/src"
make -C microblaze_0/libsrc/tft_v5_0/src -s libs -e "SHELL=CMD" "COMPILER=mb-gcc" "ARCHIVER=mb-ar" "COMPILER_FLAGS= -O2 -c -mcpu=v9.3 -mlittle-endian -mxl-soft-mul" "EXTRA_COMPILER_FLAGS=-g -ffunction-sections -fdata-sections"
"Compiling tft"
make[2]: Entering directory `C:/Users/Daniel/Documents/Uoft_hw/ECE532/PaintWithVision2/PaintWithVision2.sdk/SDK/SDK_Export/PaintWithVision_code_bsp/microblaze_0/libsrc/tft_v5_0/src'
rm -rf *.o
make[2]: Leaving directory `C:/Users/Daniel/Documents/Uoft_hw/ECE532/PaintWithVision2/PaintWithVision2.sdk/SDK/SDK_Export/PaintWithVision_code_bsp/microblaze_0/libsrc/tft_v5_0/src'
"Running Make libs in microblaze_0/libsrc/uartlite_v3_0/src"
make -C microblaze_0/libsrc/uartlite_v3_0/src -s libs -e "SHELL=CMD" "COMPILER=mb-gcc" "ARCHIVER=mb-ar" "COMPILER_FLAGS= -O2 -c -mcpu=v9.3 -mlittle-endian -mxl-soft-mul" "EXTRA_COMPILER_FLAGS=-g -ffunction-sections -fdata-sections"
"Compiling uartlite"
make[2]: Entering directory `C:/Users/Daniel/Documents/Uoft_hw/ECE532/PaintWithVision2/PaintWithVision2.sdk/SDK/SDK_Export/PaintWithVision_code_bsp/microblaze_0/libsrc/uartlite_v3_0/src'
rm -rf *.o 
make[2]: Leaving directory `C:/Users/Daniel/Documents/Uoft_hw/ECE532/PaintWithVision2/PaintWithVision2.sdk/SDK/SDK_Export/PaintWithVision_code_bsp/microblaze_0/libsrc/uartlite_v3_0/src'
'Finished building libraries'
13:57:13 **** Auto Build of configuration Debug for project PaintWithVision_code ****
make all 
make: Nothing to be done for `all'.
13:57:13 **** Auto Build of project DanDaMan_bsp ****
make -k all 
"Running Make include in microblaze_0/libsrc/bram_v4_0/src"
make -C microblaze_0/libsrc/bram_v4_0/src -s include -e "SHELL=CMD" "COMPILER=mb-gcc" "ARCHIVER=mb-ar" "COMPILER_FLAGS= -O2 -c -mcpu=v9.3 -mlittle-endian -mxl-soft-mul" "EXTRA_COMPILER_FLAGS=-g -ffunction-sections -fdata-sections"
"Running Make include in microblaze_0/libsrc/cpu_v2_0/src"
make -C microblaze_0/libsrc/cpu_v2_0/src -s include -e "SHELL=CMD" "COMPILER=mb-gcc" "ARCHIVER=mb-ar" "COMPILER_FLAGS= -O2 -c -mcpu=v9.3 -mlittle-endian -mxl-soft-mul" "EXTRA_COMPILER_FLAGS=-g -ffunction-sections -fdata-sections"
"Running Make include in microblaze_0/libsrc/standalone_v4_0/src"
make -C microblaze_0/libsrc/standalone_v4_0/src -s include -e "SHELL=CMD" "COMPILER=mb-gcc" "ARCHIVER=mb-ar" "COMPILER_FLAGS= -O2 -c -mcpu=v9.3 -mlittle-endian -mxl-soft-mul" "EXTRA_COMPILER_FLAGS=-g -ffunction-sections -fdata-sections"
make[2]: Entering directory `C:/Users/Daniel/Documents/Uoft_hw/ECE532/PaintWithVision2/PaintWithVision2.sdk/SDK/SDK_Export/DanDaMan_bsp/microblaze_0/libsrc/standalone_v4_0/src/profile'
cp -rf profile.h mblaze_nt_types.h _profile_timer_hw.h ../../../../include
make[2]: Leaving directory `C:/Users/Daniel/Documents/Uoft_hw/ECE532/PaintWithVision2/PaintWithVision2.sdk/SDK/SDK_Export/DanDaMan_bsp/microblaze_0/libsrc/standalone_v4_0/src/profile'
"Running Make include in microblaze_0/libsrc/uartlite_v3_0/src"
make -C microblaze_0/libsrc/uartlite_v3_0/src -s include -e "SHELL=CMD" "COMPILER=mb-gcc" "ARCHIVER=mb-ar" "COMPILER_FLAGS= -O2 -c -mcpu=v9.3 -mlittle-endian -mxl-soft-mul" "EXTRA_COMPILER_FLAGS=-g -ffunction-sections -fdata-sections"
"Running Make libs in microblaze_0/libsrc/bram_v4_0/src"
make -C microblaze_0/libsrc/bram_v4_0/src -s libs -e "SHELL=CMD" "COMPILER=mb-gcc" "ARCHIVER=mb-ar" "COMPILER_FLAGS= -O2 -c -mcpu=v9.3 -mlittle-endian -mxl-soft-mul" "EXTRA_COMPILER_FLAGS=-g -ffunction-sections -fdata-sections"
"Compiling bram"
[...]
      ^
'Finished building: ../src/helloworld.c'
' '
'Building target: PaintWithVision_code.elf'
'Invoking: MicroBlaze gcc linker'
mb-gcc -Wl,-T -Wl,../src/lscript.ld -L../../PaintWithVision_code_bsp/microblaze_0/lib -mlittle-endian -mcpu=v9.3 -mxl-soft-mul -Wl,--no-relax -Wl,--gc-sections -o "PaintWithVision_code.elf"  ./src/helloworld.o ./src/platform.o   -Wl,--start-group,-lxil,-lgcc,-lc,--end-group
'Finished building target: PaintWithVision_code.elf'
' '
'Invoking: MicroBlaze Print Size'
mb-size PaintWithVision_code.elf  |tee "PaintWithVision_code.elf.size"
   text	   data	    bss	    dec	    hex	filename
   4208	    292	   2124	   6624	   19e0	PaintWithVision_code.elf
'Finished building: PaintWithVision_code.elf.size'
' '
15:11:47 **** Incremental Build of configuration Debug for project PaintWithVision_code ****
make all 
make: Nothing to be done for `all'.
15:11:48 **** Incremental Build of configuration Debug for project DanDaMan ****
make all 
make: Nothing to be done for `all'.
15:11:49 **** Incremental Build of configuration Debug for project test ****
make all 
make: Nothing to be done for `all'.
15:15:54 **** Auto Build of configuration Debug for project PaintWithVision_code ****
make all 
'Building file: ../src/helloworld.c'
'Invoking: MicroBlaze gcc compiler'
mb-gcc -Wall -O0 -g3 -c -fmessage-length=0 -I../../PaintWithVision_code_bsp/microblaze_0/include -mlittle-endian -mcpu=v9.3 -mxl-soft-mul -Wl,--no-relax -ffunction-sections -fdata-sections -MMD -MP -MF"src/helloworld.d" -MT"src/helloworld.d" -o "src/helloworld.o" "../src/helloworld.c"
../src/helloworld.c: In function 'main':
../src/helloworld.c:34:6: warning: unused variable 'status' [-Wunused-variable]
  int status = XTft_CfgInitialize(&TftInstance, tft, tft->BaseAddress);
      ^
'Finished building: ../src/helloworld.c'
' '
'Building target: PaintWithVision_code.elf'
'Invoking: MicroBlaze gcc linker'
mb-gcc -Wl,-T -Wl,../src/lscript.ld -L../../PaintWithVision_code_bsp/microblaze_0/lib -mlittle-endian -mcpu=v9.3 -mxl-soft-mul -Wl,--no-relax -Wl,--gc-sections -o "PaintWithVision_code.elf"  ./src/helloworld.o ./src/platform.o   -Wl,--start-group,-lxil,-lgcc,-lc,--end-group
'Finished building target: PaintWithVision_code.elf'
' '
'Invoking: MicroBlaze Print Size'
mb-size PaintWithVision_code.elf  |tee "PaintWithVision_code.elf.size"
   text	   data	    bss	    dec	    hex	filename
   4208	    292	   2124	   6624	   19e0	PaintWithVision_code.elf
'Finished building: PaintWithVision_code.elf.size'
' '
15:15:57 **** Incremental Build of configuration Debug for project PaintWithVision_code ****
make all 
make: Nothing to be done for `all'.
15:15:58 **** Incremental Build of configuration Debug for project DanDaMan ****
make all 
make: Nothing to be done for `all'.
15:15:59 **** Incremental Build of configuration Debug for project test ****
make all 
make: Nothing to be done for `all'.
15:18:01 **** Auto Build of configuration Debug for project PaintWithVision_code ****
make all 
'Building file: ../src/helloworld.c'
'Invoking: MicroBlaze gcc compiler'
mb-gcc -Wall -O0 -g3 -c -fmessage-length=0 -I../../PaintWithVision_code_bsp/microblaze_0/include -mlittle-endian -mcpu=v9.3 -mxl-soft-mul -Wl,--no-relax -ffunction-sections -fdata-sections -MMD -MP -MF"src/helloworld.d" -MT"src/helloworld.d" -o "src/helloworld.o" "../src/helloworld.c"
../src/helloworld.c: In function 'main':
../src/helloworld.c:35:3: warning: implicit declaration of function 'sleep' [-Wimplicit-function-declaration]
   sleep(5000000);
   ^
../src/helloworld.c:28:6: warning: unused variable 'status' [-Wunused-variable]
  int status = XTft_CfgInitialize(&TftInstance, tft, tft->BaseAddress);
      ^
../src/helloworld.c: At top level:
../src/helloworld.c:57:6: warning: conflicting types for 'sleep' [enabled by default]
 void sleep(int cycles){
      ^
../src/helloworld.c:35:3: note: previous implicit declaration of 'sleep' was here
   sleep(5000000);
   ^
'Finished building: ../src/helloworld.c'
' '
'Building target: PaintWithVision_code.elf'
'Invoking: MicroBlaze gcc linker'
mb-gcc -Wl,-T -Wl,../src/lscript.ld -L../../PaintWithVision_code_bsp/microblaze_0/lib -mlittle-endian -mcpu=v9.3 -mxl-soft-mul -Wl,--no-relax -Wl,--gc-sections -o "PaintWithVision_code.elf"  ./src/helloworld.o ./src/platform.o   -Wl,--start-group,-lxil,-lgcc,-lc,--end-group
'Finished building target: PaintWithVision_code.elf'
' '
'Invoking: MicroBlaze Print Size'
mb-size PaintWithVision_code.elf  |tee "PaintWithVision_code.elf.size"
   text	   data	    bss	    dec	    hex	filename
   4208	    292	   2124	   6624	   19e0	PaintWithVision_code.elf
'Finished building: PaintWithVision_code.elf.size'
' '
15:26:49 **** Auto Build of project PaintWithVision_code_bsp ****
make -k all 
"Running Make include in microblaze_0/libsrc/bram_v4_0/src"
make -C microblaze_0/libsrc/bram_v4_0/src -s include -e "SHELL=CMD" "COMPILER=mb-gcc" "ARCHIVER=mb-ar" "COMPILER_FLAGS= -O2 -c -mcpu=v9.3 -mlittle-endian -mxl-soft-mul" "EXTRA_COMPILER_FLAGS=-g -ffunction-sections -fdata-sections"
"Running Make include in microblaze_0/libsrc/cpu_v2_0/src"
make -C microblaze_0/libsrc/cpu_v2_0/src -s include -e "SHELL=CMD" "COMPILER=mb-gcc" "ARCHIVER=mb-ar" "COMPILER_FLAGS= -O2 -c -mcpu=v9.3 -mlittle-endian -mxl-soft-mul" "EXTRA_COMPILER_FLAGS=-g -ffunction-sections -fdata-sections"
"Running Make include in microblaze_0/libsrc/standalone_v4_0/src"
make -C microblaze_0/libsrc/standalone_v4_0/src -s include -e "SHELL=CMD" "COMPILER=mb-gcc" "ARCHIVER=mb-ar" "COMPILER_FLAGS= -O2 -c -mcpu=v9.3 -mlittle-endian -mxl-soft-mul" "EXTRA_COMPILER_FLAGS=-g -ffunction-sections -fdata-sections"
make[2]: Entering directory `C:/Users/Amanjit/Desktop/ECE532/PaintWithVisionDaniel/PaintWithVision2.sdk/SDK/SDK_Export/PaintWithVision_code_bsp/microblaze_0/libsrc/standalone_v4_0/src/profile'
cp -rf profile.h mblaze_nt_types.h _profile_timer_hw.h ../../../../include
make[2]: Leaving directory `C:/Users/Amanjit/Desktop/ECE532/PaintWithVisionDaniel/PaintWithVision2.sdk/SDK/SDK_Export/PaintWithVision_code_bsp/microblaze_0/libsrc/standalone_v4_0/src/profile'
"Running Make include in microblaze_0/libsrc/tft_v5_0/src"
make -C microblaze_0/libsrc/tft_v5_0/src -s include -e "SHELL=CMD" "COMPILER=mb-gcc" "ARCHIVER=mb-ar" "COMPILER_FLAGS= -O2 -c -mcpu=v9.3 -mlittle-endian -mxl-soft-mul" "EXTRA_COMPILER_FLAGS=-g -ffunction-sections -fdata-sections"
"Running Make include in microblaze_0/libsrc/uartlite_v3_0/src"
make -C microblaze_0/libsrc/uartlite_v3_0/src -s include -e "SHELL=CMD" "COMPILER=mb-gcc" "ARCHIVER=mb-ar" "COMPILER_FLAGS= -O2 -c -mcpu=v9.3 -mlittle-endian -mxl-soft-mul" "EXTRA_COMPILER_FLAGS=-g -ffunction-sections -fdata-sections"
"Running Make libs in microblaze_0/libsrc/bram_v4_0/src"
make -C microblaze_0/libsrc/bram_v4_0/src -s libs -e "SHELL=CMD" "COMPILER=mb-gcc" "ARCHIVER=mb-ar" "COMPILER_FLAGS= -O2 -c -mcpu=v9.3 -mlittle-endian -mxl-soft-mul" "EXTRA_COMPILER_FLAGS=-g -ffunction-sections -fdata-sections"
"Compiling bram"
make[2]: Entering directory `C:/Users/Amanjit/Desktop/ECE532/PaintWithVisionDaniel/PaintWithVision2.sdk/SDK/SDK_Export/PaintWithVision_code_bsp/microblaze_0/libsrc/bram_v4_0/src'
rm -rf *.o 
make[2]: Leaving directory `C:/Users/Amanjit/Desktop/ECE532/PaintWithVisionDaniel/PaintWithVision2.sdk/SDK/SDK_Export/PaintWithVision_code_bsp/microblaze_0/libsrc/bram_v4_0/src'
"Running Make libs in microblaze_0/libsrc/cpu_v2_0/src"
make -C microblaze_0/libsrc/cpu_v2_0/src -s libs -e "SHELL=CMD" "COMPILER=mb-gcc" "ARCHIVER=mb-ar" "COMPILER_FLAGS= -O2 -c -mcpu=v9.3 -mlittle-endian -mxl-soft-mul" "EXTRA_COMPILER_FLAGS=-g -ffunction-sections -fdata-sections"
"Compiling cpu"
make[2]: Entering directory `C:/Users/Amanjit/Desktop/ECE532/PaintWithVisionDaniel/PaintWithVision2.sdk/SDK/SDK_Export/PaintWithVision_code_bsp/microblaze_0/libsrc/cpu_v2_0/src'
rm -rf *.o
make[2]: Leaving directory `C:/Users/Amanjit/Desktop/ECE532/PaintWithVisionDaniel/PaintWithVision2.sdk/SDK/SDK_Export/PaintWithVision_code_bsp/microblaze_0/libsrc/cpu_v2_0/src'
"Running Make libs in microblaze_0/libsrc/standalone_v4_0/src"
make -C microblaze_0/libsrc/standalone_v4_0/src -s libs -e "SHELL=CMD" "COMPILER=mb-gcc" "ARCHIVER=mb-ar" "COMPILER_FLAGS= -O2 -c -mcpu=v9.3 -mlittle-endian -mxl-soft-mul" "EXTRA_COMPILER_FLAGS=-g -ffunction-sections -fdata-sections"
"Compiling standalone";
"Running Make libs in microblaze_0/libsrc/tft_v5_0/src"
make -C microblaze_0/libsrc/tft_v5_0/src -s libs -e "SHELL=CMD" "COMPILER=mb-gcc" "ARCHIVER=mb-ar" "COMPILER_FLAGS= -O2 -c -mcpu=v9.3 -mlittle-endian -mxl-soft-mul" "EXTRA_COMPILER_FLAGS=-g -ffunction-sections -fdata-sections"
"Compiling tft"
make[2]: Entering directory `C:/Users/Amanjit/Desktop/ECE532/PaintWithVisionDaniel/PaintWithVision2.sdk/SDK/SDK_Export/PaintWithVision_code_bsp/microblaze_0/libsrc/tft_v5_0/src'
rm -rf *.o
rm: cannot remove `xtft_g.o': Permission denied
make[2]: *** [clean] Error 1
make[1]: *** [libs] Error 2
make: *** [microblaze_0/libsrc/tft_v5_0/src/make.libs] Error 2
make[2]: Leaving directory `C:/Users/Amanjit/Desktop/ECE532/PaintWithVisionDaniel/PaintWithVision2.sdk/SDK/SDK_Export/PaintWithVision_code_bsp/microblaze_0/libsrc/tft_v5_0/src'
"Running Make libs in microblaze_0/libsrc/uartlite_v3_0/src"
make -C microblaze_0/libsrc/uartlite_v3_0/src -s libs -e "SHELL=CMD" "COMPILER=mb-gcc" "ARCHIVER=mb-ar" "COMPILER_FLAGS= -O2 -c -mcpu=v9.3 -mlittle-endian -mxl-soft-mul" "EXTRA_COMPILER_FLAGS=-g -ffunction-sections -fdata-sections"
"Compiling uartlite"
make[2]: Entering directory `C:/Users/Amanjit/Desktop/ECE532/PaintWithVisionDaniel/PaintWithVision2.sdk/SDK/SDK_Export/PaintWithVision_code_bsp/microblaze_0/libsrc/uartlite_v3_0/src'
rm -rf *.o 
make[2]: Leaving directory `C:/Users/Amanjit/Desktop/ECE532/PaintWithVisionDaniel/PaintWithVision2.sdk/SDK/SDK_Export/PaintWithVision_code_bsp/microblaze_0/libsrc/uartlite_v3_0/src'
make: Target `all' not remade because of errors.
15:27:32 **** Auto Build of configuration Debug for project PaintWithVision_code ****
make all 
make: Nothing to be done for `all'.
15:27:33 **** Auto Build of project DanDaMan_bsp ****
make -k all 
"Running Make include in microblaze_0/libsrc/bram_v4_0/src"
make -C microblaze_0/libsrc/bram_v4_0/src -s include -e "SHELL=CMD" "COMPILER=mb-gcc" "ARCHIVER=mb-ar" "COMPILER_FLAGS= -O2 -c -mcpu=v9.3 -mlittle-endian -mxl-soft-mul" "EXTRA_COMPILER_FLAGS=-g -ffunction-sections -fdata-sections"
"Running Make include in microblaze_0/libsrc/cpu_v2_0/src"
make -C microblaze_0/libsrc/cpu_v2_0/src -s include -e "SHELL=CMD" "COMPILER=mb-gcc" "ARCHIVER=mb-ar" "COMPILER_FLAGS= -O2 -c -mcpu=v9.3 -mlittle-endian -mxl-soft-mul" "EXTRA_COMPILER_FLAGS=-g -ffunction-sections -fdata-sections"
"Running Make include in microblaze_0/libsrc/standalone_v4_0/src"
make -C microblaze_0/libsrc/standalone_v4_0/src -s include -e "SHELL=CMD" "COMPILER=mb-gcc" "ARCHIVER=mb-ar" "COMPILER_FLAGS= -O2 -c -mcpu=v9.3 -mlittle-endian -mxl-soft-mul" "EXTRA_COMPILER_FLAGS=-g -ffunction-sections -fdata-sections"
make[2]: Entering directory `C:/Users/Amanjit/Desktop/ECE532/PaintWithVisionDaniel/PaintWithVision2.sdk/SDK/SDK_Export/DanDaMan_bsp/microblaze_0/libsrc/standalone_v4_0/src/profile'
cp -rf profile.h mblaze_nt_types.h _profile_timer_hw.h ../../../../include
make[2]: Leaving directory `C:/Users/Amanjit/Desktop/ECE532/PaintWithVisionDaniel/PaintWithVision2.sdk/SDK/SDK_Export/DanDaMan_bsp/microblaze_0/libsrc/standalone_v4_0/src/profile'
"Running Make include in microblaze_0/libsrc/uartlite_v3_0/src"
make -C microblaze_0/libsrc/uartlite_v3_0/src -s include -e "SHELL=CMD" "COMPILER=mb-gcc" "ARCHIVER=mb-ar" "COMPILER_FLAGS= -O2 -c -mcpu=v9.3 -mlittle-endian -mxl-soft-mul" "EXTRA_COMPILER_FLAGS=-g -ffunction-sections -fdata-sections"
"Running Make libs in microblaze_0/libsrc/bram_v4_0/src"
make -C microblaze_0/libsrc/bram_v4_0/src -s libs -e "SHELL=CMD" "COMPILER=mb-gcc" "ARCHIVER=mb-ar" "COMPILER_FLAGS= -O2 -c -mcpu=v9.3 -mlittle-endian -mxl-soft-mul" "EXTRA_COMPILER_FLAGS=-g -ffunction-sections -fdata-sections"
"Compiling bram"
make[2]: Entering directory `C:/Users/Amanjit/Desktop/ECE532/PaintWithVisionDaniel/PaintWithVision2.sdk/SDK/SDK_Export/DanDaMan_bsp/microblaze_0/libsrc/bram_v4_0/src'
rm -rf *.o 
make[2]: Leaving directory `C:/Users/Amanjit/Desktop/ECE532/PaintWithVisionDaniel/PaintWithVision2.sdk/SDK/SDK_Export/DanDaMan_bsp/microblaze_0/libsrc/bram_v4_0/src'
"Running Make libs in microblaze_0/libsrc/cpu_v2_0/src"
make -C microblaze_0/libsrc/cpu_v2_0/src -s libs -e "SHELL=CMD" "COMPILER=mb-gcc" "ARCHIVER=mb-ar" "COMPILER_FLAGS= -O2 -c -mcpu=v9.3 -mlittle-endian -mxl-soft-mul" "EXTRA_COMPILER_FLAGS=-g -ffunction-sections -fdata-sections"
"Compiling cpu"
make[2]: Entering directory `C:/Users/Amanjit/Desktop/ECE532/PaintWithVisionDaniel/PaintWithVision2.sdk/SDK/SDK_Export/DanDaMan_bsp/microblaze_0/libsrc/cpu_v2_0/src'
rm -rf *.o
make[2]: Leaving directory `C:/Users/Amanjit/Desktop/ECE532/PaintWithVisionDaniel/PaintWithVision2.sdk/SDK/SDK_Export/DanDaMan_bsp/microblaze_0/libsrc/cpu_v2_0/src'
"Running Make libs in microblaze_0/libsrc/standalone_v4_0/src"
make -C microblaze_0/libsrc/standalone_v4_0/src -s libs -e "SHELL=CMD" "COMPILER=mb-gcc" "ARCHIVER=mb-ar" "COMPILER_FLAGS= -O2 -c -mcpu=v9.3 -mlittle-endian -mxl-soft-mul" "EXTRA_COMPILER_FLAGS=-g -ffunction-sections -fdata-sections"
"Compiling standalone";
"Running Make libs in microblaze_0/libsrc/uartlite_v3_0/src"
make -C microblaze_0/libsrc/uartlite_v3_0/src -s libs -e "SHELL=CMD" "COMPILER=mb-gcc" "ARCHIVER=mb-ar" "COMPILER_FLAGS= -O2 -c -mcpu=v9.3 -mlittle-endian -mxl-soft-mul" "EXTRA_COMPILER_FLAGS=-g -ffunction-sections -fdata-sections"
"Compiling uartlite"
make[2]: Entering directory `C:/Users/Amanjit/Desktop/ECE532/PaintWithVisionDaniel/PaintWithVision2.sdk/SDK/SDK_Export/DanDaMan_bsp/microblaze_0/libsrc/uartlite_v3_0/src'
rm -rf *.o 
make[2]: Leaving directory `C:/Users/Amanjit/Desktop/ECE532/PaintWithVisionDaniel/PaintWithVision2.sdk/SDK/SDK_Export/DanDaMan_bsp/microblaze_0/libsrc/uartlite_v3_0/src'
'Finished building libraries'
15:28:02 **** Auto Build of configuration Debug for project DanDaMan ****
make all 
make: Nothing to be done for `all'.
15:28:02 **** Auto Build of project test_bsp ****
make -k all 
"Running Make include in microblaze_0/libsrc/bram_v4_0/src"
make -C microblaze_0/libsrc/bram_v4_0/src -s include -e "SHELL=CMD" "COMPILER=mb-gcc" "ARCHIVER=mb-ar" "COMPILER_FLAGS= -O2 -c -mcpu=v9.3 -mlittle-endian -mxl-soft-mul" "EXTRA_COMPILER_FLAGS=-g -ffunction-sections -fdata-sections"
"Running Make include in microblaze_0/libsrc/cpu_v2_0/src"
make -C microblaze_0/libsrc/cpu_v2_0/src -s include -e "SHELL=CMD" "COMPILER=mb-gcc" "ARCHIVER=mb-ar" "COMPILER_FLAGS= -O2 -c -mcpu=v9.3 -mlittle-endian -mxl-soft-mul" "EXTRA_COMPILER_FLAGS=-g -ffunction-sections -fdata-sections"
"Running Make include in microblaze_0/libsrc/intc_v3_0/src"
make -C microblaze_0/libsrc/intc_v3_0/src -s include -e "SHELL=CMD" "COMPILER=mb-gcc" "ARCHIVER=mb-ar" "COMPILER_FLAGS= -O2 -c -mcpu=v9.3 -mlittle-endian -mxl-soft-mul" "EXTRA_COMPILER_FLAGS=-g -ffunction-sections -fdata-sections"
"Running Make include in microblaze_0/libsrc/standalone_v4_0/src"
make -C microblaze_0/libsrc/standalone_v4_0/src -s include -e "SHELL=CMD" "COMPILER=mb-gcc" "ARCHIVER=mb-ar" "COMPILER_FLAGS= -O2 -c -mcpu=v9.3 -mlittle-endian -mxl-soft-mul" "EXTRA_COMPILER_FLAGS=-g -ffunction-sections -fdata-sections"
make[2]: Entering directory `C:/Users/Amanjit/Desktop/ECE532/PaintWithVisionDaniel/PaintWithVision2.sdk/SDK/SDK_Export/test_bsp/microblaze_0/libsrc/standalone_v4_0/src/profile'
cp -rf profile.h mblaze_nt_types.h _profile_timer_hw.h ../../../../include
make[2]: Leaving directory `C:/Users/Amanjit/Desktop/ECE532/PaintWithVisionDaniel/PaintWithVision2.sdk/SDK/SDK_Export/test_bsp/microblaze_0/libsrc/standalone_v4_0/src/profile'
"Running Make include in microblaze_0/libsrc/tft_v5_0/src"
make -C microblaze_0/libsrc/tft_v5_0/src -s include -e "SHELL=CMD" "COMPILER=mb-gcc" "ARCHIVER=mb-ar" "COMPILER_FLAGS= -O2 -c -mcpu=v9.3 -mlittle-endian -mxl-soft-mul" "EXTRA_COMPILER_FLAGS=-g -ffunction-sections -fdata-sections"
"Running Make include in microblaze_0/libsrc/uartlite_v3_0/src"
make -C microblaze_0/libsrc/uartlite_v3_0/src -s include -e "SHELL=CMD" "COMPILER=mb-gcc" "ARCHIVER=mb-ar" "COMPILER_FLAGS= -O2 -c -mcpu=v9.3 -mlittle-endian -mxl-soft-mul" "EXTRA_COMPILER_FLAGS=-g -ffunction-sections -fdata-sections"
"Running Make libs in microblaze_0/libsrc/bram_v4_0/src"
make -C microblaze_0/libsrc/bram_v4_0/src -s libs -e "SHELL=CMD" "COMPILER=mb-gcc" "ARCHIVER=mb-ar" "COMPILER_FLAGS= -O2 -c -mcpu=v9.3 -mlittle-endian -mxl-soft-mul" "EXTRA_COMPILER_FLAGS=-g -ffunction-sections -fdata-sections"
"Compiling bram"
make[2]: Entering directory `C:/Users/Amanjit/Desktop/ECE532/PaintWithVisionDaniel/PaintWithVision2.sdk/SDK/SDK_Export/test_bsp/microblaze_0/libsrc/bram_v4_0/src'
rm -rf *.o 
make[2]: Leaving directory `C:/Users/Amanjit/Desktop/ECE532/PaintWithVisionDaniel/PaintWithVision2.sdk/SDK/SDK_Export/test_bsp/microblaze_0/libsrc/bram_v4_0/src'
"Running Make libs in microblaze_0/libsrc/cpu_v2_0/src"
make -C microblaze_0/libsrc/cpu_v2_0/src -s libs -e "SHELL=CMD" "COMPILER=mb-gcc" "ARCHIVER=mb-ar" "COMPILER_FLAGS= -O2 -c -mcpu=v9.3 -mlittle-endian -mxl-soft-mul" "EXTRA_COMPILER_FLAGS=-g -ffunction-sections -fdata-sections"
"Compiling cpu"
make[2]: Entering directory `C:/Users/Amanjit/Desktop/ECE532/PaintWithVisionDaniel/PaintWithVision2.sdk/SDK/SDK_Export/test_bsp/microblaze_0/libsrc/cpu_v2_0/src'
rm -rf *.o
make[2]: Leaving directory `C:/Users/Amanjit/Desktop/ECE532/PaintWithVisionDaniel/PaintWithVision2.sdk/SDK/SDK_Export/test_bsp/microblaze_0/libsrc/cpu_v2_0/src'
"Running Make libs in microblaze_0/libsrc/intc_v3_0/src"
make -C microblaze_0/libsrc/intc_v3_0/src -s libs -e "SHELL=CMD" "COMPILER=mb-gcc" "ARCHIVER=mb-ar" "COMPILER_FLAGS= -O2 -c -mcpu=v9.3 -mlittle-endian -mxl-soft-mul" "EXTRA_COMPILER_FLAGS=-g -ffunction-sections -fdata-sections"
"Compiling intc"
mb-ar: unable to rename '../../../lib/libxil.a'; reason: File exists
make[1]: *** [libs] Error 1
make: *** [microblaze_0/libsrc/intc_v3_0/src/make.libs] Error 2
"Running Make libs in microblaze_0/libsrc/standalone_v4_0/src"
make -C microblaze_0/libsrc/standalone_v4_0/src -s libs -e "SHELL=CMD" "COMPILER=mb-gcc" "ARCHIVER=mb-ar" "COMPILER_FLAGS= -O2 -c -mcpu=v9.3 -mlittle-endian -mxl-soft-mul" "EXTRA_COMPILER_FLAGS=-g -ffunction-sections -fdata-sections"
"Compiling standalone";
"Running Make libs in microblaze_0/libsrc/tft_v5_0/src"
make -C microblaze_0/libsrc/tft_v5_0/src -s libs -e "SHELL=CMD" "COMPILER=mb-gcc" "ARCHIVER=mb-ar" "COMPILER_FLAGS= -O2 -c -mcpu=v9.3 -mlittle-endian -mxl-soft-mul" "EXTRA_COMPILER_FLAGS=-g -ffunction-sections -fdata-sections"
"Compiling tft"
make[2]: Entering directory `C:/Users/Amanjit/Desktop/ECE532/PaintWithVisionDaniel/PaintWithVision2.sdk/SDK/SDK_Export/test_bsp/microblaze_0/libsrc/tft_v5_0/src'
rm -rf *.o
make[2]: Leaving directory `C:/Users/Amanjit/Desktop/ECE532/PaintWithVisionDaniel/PaintWithVision2.sdk/SDK/SDK_Export/test_bsp/microblaze_0/libsrc/tft_v5_0/src'
"Running Make libs in microblaze_0/libsrc/uartlite_v3_0/src"
make -C microblaze_0/libsrc/uartlite_v3_0/src -s libs -e "SHELL=CMD" "COMPILER=mb-gcc" "ARCHIVER=mb-ar" "COMPILER_FLAGS= -O2 -c -mcpu=v9.3 -mlittle-endian -mxl-soft-mul" "EXTRA_COMPILER_FLAGS=-g -ffunction-sections -fdata-sections"
"Compiling uartlite"
make[2]: Entering directory `C:/Users/Amanjit/Desktop/ECE532/PaintWithVisionDaniel/PaintWithVision2.sdk/SDK/SDK_Export/test_bsp/microblaze_0/libsrc/uartlite_v3_0/src'
rm -rf *.o 
make[2]: Leaving directory `C:/Users/Amanjit/Desktop/ECE532/PaintWithVisionDaniel/PaintWithVision2.sdk/SDK/SDK_Export/test_bsp/microblaze_0/libsrc/uartlite_v3_0/src'
make: Target `all' not remade because of errors.
15:28:26 **** Auto Build of configuration Debug for project test ****
make all 
make: Nothing to be done for `all'.
